[     537ms] [LOG] 
                learnlea
            learnlearnlearn
          learnlearnlearnlear
          learn          lear
        learn
        learn
        learn
        learn
          learn          lear
          learnlearnlearnlear
            learnlearnlearn
                learnlea

   ___ ___  _   _ _ __ ___  ___ _ __ __ _
  / __/ _ \| | | | '__/ __|/ _ \ '__/ _` |
 | (_| (_) | |_| | |  \__ \  __/ | | (_| |
  \___\___/ \__,_|_|  |___/\___|_|  \__,_|

     🎓  Passionate about education?
     💙  Come work at Coursera!
     🚀  https://careers.coursera.com
 @ https://browser.sentry-cdn.com/7.116.0/bundle.tracing.min.js:1
[     684ms] [LOG] {eventName: gtm.js, id: 438796} @ https://browser.sentry-cdn.com/7.116.0/bundle.tracing.min.js:1
[     685ms] [LOG] {eventName: gtm.js, id: 8652618} @ https://browser.sentry-cdn.com/7.116.0/bundle.tracing.min.js:1
[     698ms] [LOG] {eventName: gtm.js, id: 438796} @ https://browser.sentry-cdn.com/7.116.0/bundle.tracing.min.js:1
[     699ms] [LOG] {eventName: gtm.js, id: 8652618} @ https://browser.sentry-cdn.com/7.116.0/bundle.tracing.min.js:1
[     704ms] [LOG] {eventName: gtm.js, id: 438796} @ https://browser.sentry-cdn.com/7.116.0/bundle.tracing.min.js:1
[     705ms] [LOG] {eventName: gtm.js, id: 8652618} @ https://browser.sentry-cdn.com/7.116.0/bundle.tracing.min.js:1
[    1124ms] [ERROR] Refused to display 'https://tags.coursera.org/' in a frame because it set 'X-Frame-Options' to 'sameorigin'. @ chrome-error://chromewebdata/:0
[    1135ms] [WARNING] Failed to execute 'postMessage' on 'DOMWindow': The target origin provided ('https://tags.coursera.org') does not match the recipient window's origin ('null'). @ https://www.coursera.org/5JKLVK/oJ2YRAA_rcP0FJZ2nBwDyjA3m1w2oDXy5GCsn8EGdieDskAf:906
[    1517ms] [WARNING] [TikTok Pixel] - Missing "value" parameter
Issue: Events shared are missing a 'value' parameter'. This is used calculate ROAS for people and the bid for your highest value customers. 
Suggestion: Go to your source code and include the "value" parameter. See https://ads.tiktok.com/help/article/standard-events-parameters?redirected=2 for more information. @ https://browser.sentry-cdn.com/7.116.0/bundle.tracing.min.js:1
[    1517ms] [WARNING] [TikTok Pixel] - Invalid currency code
Issue: The currency code for one or more of your events isn't supported. This can affect the accuracy of reporting for your ROAS.
Suggestion: Go to your source code and update the 'currency' parameters with a supported currency code. See https://ads.tiktok.com/help/article/standard-events-parameters?redirected=2 for more information. @ https://browser.sentry-cdn.com/7.116.0/bundle.tracing.min.js:1
[    2355ms] [WARNING]   WARN  [Statsig] The user does not have the required id_type "userID" for Gate "learningproductcard_hide_standard_status_tags" @ https://browser.sentry-cdn.com/7.116.0/bundle.tracing.min.js:1
[    2472ms] [ERROR] {"stack":"Error: Minified React error #418; visit https://reactjs.org/docs/error-decoder.html?invariant=418 for the full message or use the non-minified dev environment for full errors and additional helpful warnings.\n    at Eg (https://d3njjcbhbojbot.cloudfront.net/webapps/r2-builds/br/consumer-description-page/en.app.4586f6de96fb66cf4534.js:2:2060126)\n    at qo (https://d3njjcbhbojbot.cloudfront.net/webapps/r2-builds/br/consumer-description-page/en.app.4586f6de96fb66cf4534.js:2:2136626)\n    at Uk (https://d3njjcbhbojbot.cloudfront.net/webapps/r2-builds/br/consumer-description-page/en.app.4586f6de96fb66cf4534.js:2:2123588)\n    at Tk (https://d3njjcbhbojbot.cloudfront.net/webapps/r2-builds/br/consumer-description-page/en.app.4586f6de96fb66cf4534.js:2:2123516)\n    at Ik (https://d3njjcbhbojbot.cloudfront.net/webapps/r2-builds/br/consumer-description-page/en.app.4586f6de96fb66cf4534.js:2:2123377)\n    at Gk (https://d3njjcbhbojbot.cloudfront.net/webapps/r2-builds/br/consumer-description-page/en.app.4586f6de96fb66cf4534.js:2:2118288)\n    at J (https://d3njjcbhbojbot.cloudfront.net/webapps/r2-builds/br/consumer-description-page/en.app.4586f6de96fb66cf4534.js:2:794335)\n    at R (https://d3njjcbhbojbot.cloudfront.net/webapps/r2-builds/br/consumer-description-page/en.app.4586f6de96fb66cf4534.js:2:794918)\n    at He.nt.<computed> (https://d3njjcbhbojbot.cloudfront.net/webapps/r2-builds/br/consumer-description-page/en.app.4586f6de96fb66cf4534.js:2:806300)\n    at run (https://d3njjcbhbojbot.cloudfront.net/webapps/r2-builds/br/consumer-description-page/en.app.4586f6de96fb66cf4534.js:2:806038)\n    at MessagePort.listener (https://d3njjcbhbojbot.cloudfront.net/webapps/r2-builds/br/consumer-description-page/en.app.4586f6de96fb66cf4534.js:2:806111)","message":"Minified React error #418; visit https://reactjs.org/docs/error-decoder.html?invariant=418 for the full message or use the non-minified dev environment for full errors and additional helpful warnings."} @ https://browser.sentry-cdn.com/7.116.0/bundle.tracing.min.js:1
[    2472ms] Error: Minified React error #418; visit https://reactjs.org/docs/error-decoder.html?invariant=418 for the full message or use the non-minified dev environment for full errors and additional helpful warnings.
    at Eg (https://d3njjcbhbojbot.cloudfront.net/webapps/r2-builds/br/consumer-description-page/en.app.4586f6de96fb66cf4534.js:2:2060126)
    at qo (https://d3njjcbhbojbot.cloudfront.net/webapps/r2-builds/br/consumer-description-page/en.app.4586f6de96fb66cf4534.js:2:2136626)
    at Uk (https://d3njjcbhbojbot.cloudfront.net/webapps/r2-builds/br/consumer-description-page/en.app.4586f6de96fb66cf4534.js:2:2123588)
    at Tk (https://d3njjcbhbojbot.cloudfront.net/webapps/r2-builds/br/consumer-description-page/en.app.4586f6de96fb66cf4534.js:2:2123516)
    at Ik (https://d3njjcbhbojbot.cloudfront.net/webapps/r2-builds/br/consumer-description-page/en.app.4586f6de96fb66cf4534.js:2:2123377)
    at Gk (https://d3njjcbhbojbot.cloudfront.net/webapps/r2-builds/br/consumer-description-page/en.app.4586f6de96fb66cf4534.js:2:2118288)
    at J (https://d3njjcbhbojbot.cloudfront.net/webapps/r2-builds/br/consumer-description-page/en.app.4586f6de96fb66cf4534.js:2:794335)
    at R (https://d3njjcbhbojbot.cloudfront.net/webapps/r2-builds/br/consumer-description-page/en.app.4586f6de96fb66cf4534.js:2:794918)
    at He.nt.<computed> (https://d3njjcbhbojbot.cloudfront.net/webapps/r2-builds/br/consumer-description-page/en.app.4586f6de96fb66cf4534.js:2:806300)
    at run (https://d3njjcbhbojbot.cloudfront.net/webapps/r2-builds/br/consumer-description-page/en.app.4586f6de96fb66cf4534.js:2:806038)
    at MessagePort.listener (https://d3njjcbhbojbot.cloudfront.net/webapps/r2-builds/br/consumer-description-page/en.app.4586f6de96fb66cf4534.js:2:806111)
[    2473ms] [ERROR] {"stack":"Error: Minified React error #418; visit https://reactjs.org/docs/error-decoder.html?invariant=418 for the full message or use the non-minified dev environment for full errors and additional helpful warnings.\n    at Eg (https://d3njjcbhbojbot.cloudfront.net/webapps/r2-builds/br/consumer-description-page/en.app.4586f6de96fb66cf4534.js:2:2060126)\n    at qo (https://d3njjcbhbojbot.cloudfront.net/webapps/r2-builds/br/consumer-description-page/en.app.4586f6de96fb66cf4534.js:2:2136626)\n    at Uk (https://d3njjcbhbojbot.cloudfront.net/webapps/r2-builds/br/consumer-description-page/en.app.4586f6de96fb66cf4534.js:2:2123588)\n    at Tk (https://d3njjcbhbojbot.cloudfront.net/webapps/r2-builds/br/consumer-description-page/en.app.4586f6de96fb66cf4534.js:2:2123516)\n    at Ik (https://d3njjcbhbojbot.cloudfront.net/webapps/r2-builds/br/consumer-description-page/en.app.4586f6de96fb66cf4534.js:2:2123377)\n    at Gk (https://d3njjcbhbojbot.cloudfront.net/webapps/r2-builds/br/consumer-description-page/en.app.4586f6de96fb66cf4534.js:2:2118288)\n    at J (https://d3njjcbhbojbot.cloudfront.net/webapps/r2-builds/br/consumer-description-page/en.app.4586f6de96fb66cf4534.js:2:794335)\n    at R (https://d3njjcbhbojbot.cloudfront.net/webapps/r2-builds/br/consumer-description-page/en.app.4586f6de96fb66cf4534.js:2:794918)\n    at He.nt.<computed> (https://d3njjcbhbojbot.cloudfront.net/webapps/r2-builds/br/consumer-description-page/en.app.4586f6de96fb66cf4534.js:2:806300)\n    at run (https://d3njjcbhbojbot.cloudfront.net/webapps/r2-builds/br/consumer-description-page/en.app.4586f6de96fb66cf4534.js:2:806038)\n    at MessagePort.listener (https://d3njjcbhbojbot.cloudfront.net/webapps/r2-builds/br/consumer-description-page/en.app.4586f6de96fb66cf4534.js:2:806111)","message":"Minified React error #418; visit https://reactjs.org/docs/error-decoder.html?invariant=418 for the full message or use the non-minified dev environment for full errors and additional helpful warnings."} @ https://browser.sentry-cdn.com/7.116.0/bundle.tracing.min.js:1
[    2473ms] Error: Minified React error #418; visit https://reactjs.org/docs/error-decoder.html?invariant=418 for the full message or use the non-minified dev environment for full errors and additional helpful warnings.
    at Eg (https://d3njjcbhbojbot.cloudfront.net/webapps/r2-builds/br/consumer-description-page/en.app.4586f6de96fb66cf4534.js:2:2060126)
    at qo (https://d3njjcbhbojbot.cloudfront.net/webapps/r2-builds/br/consumer-description-page/en.app.4586f6de96fb66cf4534.js:2:2136626)
    at Uk (https://d3njjcbhbojbot.cloudfront.net/webapps/r2-builds/br/consumer-description-page/en.app.4586f6de96fb66cf4534.js:2:2123588)
    at Tk (https://d3njjcbhbojbot.cloudfront.net/webapps/r2-builds/br/consumer-description-page/en.app.4586f6de96fb66cf4534.js:2:2123516)
    at Ik (https://d3njjcbhbojbot.cloudfront.net/webapps/r2-builds/br/consumer-description-page/en.app.4586f6de96fb66cf4534.js:2:2123377)
    at Gk (https://d3njjcbhbojbot.cloudfront.net/webapps/r2-builds/br/consumer-description-page/en.app.4586f6de96fb66cf4534.js:2:2118288)
    at J (https://d3njjcbhbojbot.cloudfront.net/webapps/r2-builds/br/consumer-description-page/en.app.4586f6de96fb66cf4534.js:2:794335)
    at R (https://d3njjcbhbojbot.cloudfront.net/webapps/r2-builds/br/consumer-description-page/en.app.4586f6de96fb66cf4534.js:2:794918)
    at He.nt.<computed> (https://d3njjcbhbojbot.cloudfront.net/webapps/r2-builds/br/consumer-description-page/en.app.4586f6de96fb66cf4534.js:2:806300)
    at run (https://d3njjcbhbojbot.cloudfront.net/webapps/r2-builds/br/consumer-description-page/en.app.4586f6de96fb66cf4534.js:2:806038)
    at MessagePort.listener (https://d3njjcbhbojbot.cloudfront.net/webapps/r2-builds/br/consumer-description-page/en.app.4586f6de96fb66cf4534.js:2:806111)
[    2473ms] [ERROR] {"stack":"Error: Minified React error #418; visit https://reactjs.org/docs/error-decoder.html?invariant=418 for the full message or use the non-minified dev environment for full errors and additional helpful warnings.\n    at Eg (https://d3njjcbhbojbot.cloudfront.net/webapps/r2-builds/br/consumer-description-page/en.app.4586f6de96fb66cf4534.js:2:2060126)\n    at qo (https://d3njjcbhbojbot.cloudfront.net/webapps/r2-builds/br/consumer-description-page/en.app.4586f6de96fb66cf4534.js:2:2136626)\n    at Uk (https://d3njjcbhbojbot.cloudfront.net/webapps/r2-builds/br/consumer-description-page/en.app.4586f6de96fb66cf4534.js:2:2123588)\n    at Tk (https://d3njjcbhbojbot.cloudfront.net/webapps/r2-builds/br/consumer-description-page/en.app.4586f6de96fb66cf4534.js:2:2123516)\n    at Ik (https://d3njjcbhbojbot.cloudfront.net/webapps/r2-builds/br/consumer-description-page/en.app.4586f6de96fb66cf4534.js:2:2123377)\n    at Gk (https://d3njjcbhbojbot.cloudfront.net/webapps/r2-builds/br/consumer-description-page/en.app.4586f6de96fb66cf4534.js:2:2118288)\n    at J (https://d3njjcbhbojbot.cloudfront.net/webapps/r2-builds/br/consumer-description-page/en.app.4586f6de96fb66cf4534.js:2:794335)\n    at R (https://d3njjcbhbojbot.cloudfront.net/webapps/r2-builds/br/consumer-description-page/en.app.4586f6de96fb66cf4534.js:2:794918)\n    at He.nt.<computed> (https://d3njjcbhbojbot.cloudfront.net/webapps/r2-builds/br/consumer-description-page/en.app.4586f6de96fb66cf4534.js:2:806300)\n    at run (https://d3njjcbhbojbot.cloudfront.net/webapps/r2-builds/br/consumer-description-page/en.app.4586f6de96fb66cf4534.js:2:806038)\n    at MessagePort.listener (https://d3njjcbhbojbot.cloudfront.net/webapps/r2-builds/br/consumer-description-page/en.app.4586f6de96fb66cf4534.js:2:806111)","message":"Minified React error #418; visit https://reactjs.org/docs/error-decoder.html?invariant=418 for the full message or use the non-minified dev environment for full errors and additional helpful warnings."} @ https://browser.sentry-cdn.com/7.116.0/bundle.tracing.min.js:1
[    2473ms] Error: Minified React error #418; visit https://reactjs.org/docs/error-decoder.html?invariant=418 for the full message or use the non-minified dev environment for full errors and additional helpful warnings.
    at Eg (https://d3njjcbhbojbot.cloudfront.net/webapps/r2-builds/br/consumer-description-page/en.app.4586f6de96fb66cf4534.js:2:2060126)
    at qo (https://d3njjcbhbojbot.cloudfront.net/webapps/r2-builds/br/consumer-description-page/en.app.4586f6de96fb66cf4534.js:2:2136626)
    at Uk (https://d3njjcbhbojbot.cloudfront.net/webapps/r2-builds/br/consumer-description-page/en.app.4586f6de96fb66cf4534.js:2:2123588)
    at Tk (https://d3njjcbhbojbot.cloudfront.net/webapps/r2-builds/br/consumer-description-page/en.app.4586f6de96fb66cf4534.js:2:2123516)
    at Ik (https://d3njjcbhbojbot.cloudfront.net/webapps/r2-builds/br/consumer-description-page/en.app.4586f6de96fb66cf4534.js:2:2123377)
    at Gk (https://d3njjcbhbojbot.cloudfront.net/webapps/r2-builds/br/consumer-description-page/en.app.4586f6de96fb66cf4534.js:2:2118288)
    at J (https://d3njjcbhbojbot.cloudfront.net/webapps/r2-builds/br/consumer-description-page/en.app.4586f6de96fb66cf4534.js:2:794335)
    at R (https://d3njjcbhbojbot.cloudfront.net/webapps/r2-builds/br/consumer-description-page/en.app.4586f6de96fb66cf4534.js:2:794918)
    at He.nt.<computed> (https://d3njjcbhbojbot.cloudfront.net/webapps/r2-builds/br/consumer-description-page/en.app.4586f6de96fb66cf4534.js:2:806300)
    at run (https://d3njjcbhbojbot.cloudfront.net/webapps/r2-builds/br/consumer-description-page/en.app.4586f6de96fb66cf4534.js:2:806038)
    at MessagePort.listener (https://d3njjcbhbojbot.cloudfront.net/webapps/r2-builds/br/consumer-description-page/en.app.4586f6de96fb66cf4534.js:2:806111)
[    2474ms] [ERROR] {"stack":"Error: Minified React error #418; visit https://reactjs.org/docs/error-decoder.html?invariant=418 for the full message or use the non-minified dev environment for full errors and additional helpful warnings.\n    at Eg (https://d3njjcbhbojbot.cloudfront.net/webapps/r2-builds/br/consumer-description-page/en.app.4586f6de96fb66cf4534.js:2:2060126)\n    at qo (https://d3njjcbhbojbot.cloudfront.net/webapps/r2-builds/br/consumer-description-page/en.app.4586f6de96fb66cf4534.js:2:2136626)\n    at Uk (https://d3njjcbhbojbot.cloudfront.net/webapps/r2-builds/br/consumer-description-page/en.app.4586f6de96fb66cf4534.js:2:2123588)\n    at Tk (https://d3njjcbhbojbot.cloudfront.net/webapps/r2-builds/br/consumer-description-page/en.app.4586f6de96fb66cf4534.js:2:2123516)\n    at Ik (https://d3njjcbhbojbot.cloudfront.net/webapps/r2-builds/br/consumer-description-page/en.app.4586f6de96fb66cf4534.js:2:2123377)\n    at Gk (https://d3njjcbhbojbot.cloudfront.net/webapps/r2-builds/br/consumer-description-page/en.app.4586f6de96fb66cf4534.js:2:2118288)\n    at J (https://d3njjcbhbojbot.cloudfront.net/webapps/r2-builds/br/consumer-description-page/en.app.4586f6de96fb66cf4534.js:2:794335)\n    at R (https://d3njjcbhbojbot.cloudfront.net/webapps/r2-builds/br/consumer-description-page/en.app.4586f6de96fb66cf4534.js:2:794918)\n    at He.nt.<computed> (https://d3njjcbhbojbot.cloudfront.net/webapps/r2-builds/br/consumer-description-page/en.app.4586f6de96fb66cf4534.js:2:806300)\n    at run (https://d3njjcbhbojbot.cloudfront.net/webapps/r2-builds/br/consumer-description-page/en.app.4586f6de96fb66cf4534.js:2:806038)\n    at MessagePort.listener (https://d3njjcbhbojbot.cloudfront.net/webapps/r2-builds/br/consumer-description-page/en.app.4586f6de96fb66cf4534.js:2:806111)","message":"Minified React error #418; visit https://reactjs.org/docs/error-decoder.html?invariant=418 for the full message or use the non-minified dev environment for full errors and additional helpful warnings."} @ https://browser.sentry-cdn.com/7.116.0/bundle.tracing.min.js:1
[    2474ms] Error: Minified React error #418; visit https://reactjs.org/docs/error-decoder.html?invariant=418 for the full message or use the non-minified dev environment for full errors and additional helpful warnings.
    at Eg (https://d3njjcbhbojbot.cloudfront.net/webapps/r2-builds/br/consumer-description-page/en.app.4586f6de96fb66cf4534.js:2:2060126)
    at qo (https://d3njjcbhbojbot.cloudfront.net/webapps/r2-builds/br/consumer-description-page/en.app.4586f6de96fb66cf4534.js:2:2136626)
    at Uk (https://d3njjcbhbojbot.cloudfront.net/webapps/r2-builds/br/consumer-description-page/en.app.4586f6de96fb66cf4534.js:2:2123588)
    at Tk (https://d3njjcbhbojbot.cloudfront.net/webapps/r2-builds/br/consumer-description-page/en.app.4586f6de96fb66cf4534.js:2:2123516)
    at Ik (https://d3njjcbhbojbot.cloudfront.net/webapps/r2-builds/br/consumer-description-page/en.app.4586f6de96fb66cf4534.js:2:2123377)
    at Gk (https://d3njjcbhbojbot.cloudfront.net/webapps/r2-builds/br/consumer-description-page/en.app.4586f6de96fb66cf4534.js:2:2118288)
    at J (https://d3njjcbhbojbot.cloudfront.net/webapps/r2-builds/br/consumer-description-page/en.app.4586f6de96fb66cf4534.js:2:794335)
    at R (https://d3njjcbhbojbot.cloudfront.net/webapps/r2-builds/br/consumer-description-page/en.app.4586f6de96fb66cf4534.js:2:794918)
    at He.nt.<computed> (https://d3njjcbhbojbot.cloudfront.net/webapps/r2-builds/br/consumer-description-page/en.app.4586f6de96fb66cf4534.js:2:806300)
    at run (https://d3njjcbhbojbot.cloudfront.net/webapps/r2-builds/br/consumer-description-page/en.app.4586f6de96fb66cf4534.js:2:806038)
    at MessagePort.listener (https://d3njjcbhbojbot.cloudfront.net/webapps/r2-builds/br/consumer-description-page/en.app.4586f6de96fb66cf4534.js:2:806111)
[    2474ms] [ERROR] {"stack":"Error: Minified React error #418; visit https://reactjs.org/docs/error-decoder.html?invariant=418 for the full message or use the non-minified dev environment for full errors and additional helpful warnings.\n    at Eg (https://d3njjcbhbojbot.cloudfront.net/webapps/r2-builds/br/consumer-description-page/en.app.4586f6de96fb66cf4534.js:2:2060126)\n    at qo (https://d3njjcbhbojbot.cloudfront.net/webapps/r2-builds/br/consumer-description-page/en.app.4586f6de96fb66cf4534.js:2:2136626)\n    at Uk (https://d3njjcbhbojbot.cloudfront.net/webapps/r2-builds/br/consumer-description-page/en.app.4586f6de96fb66cf4534.js:2:2123588)\n    at Tk (https://d3njjcbhbojbot.cloudfront.net/webapps/r2-builds/br/consumer-description-page/en.app.4586f6de96fb66cf4534.js:2:2123516)\n    at Ik (https://d3njjcbhbojbot.cloudfront.net/webapps/r2-builds/br/consumer-description-page/en.app.4586f6de96fb66cf4534.js:2:2123377)\n    at Gk (https://d3njjcbhbojbot.cloudfront.net/webapps/r2-builds/br/consumer-description-page/en.app.4586f6de96fb66cf4534.js:2:2118288)\n    at J (https://d3njjcbhbojbot.cloudfront.net/webapps/r2-builds/br/consumer-description-page/en.app.4586f6de96fb66cf4534.js:2:794335)\n    at R (https://d3njjcbhbojbot.cloudfront.net/webapps/r2-builds/br/consumer-description-page/en.app.4586f6de96fb66cf4534.js:2:794918)\n    at He.nt.<computed> (https://d3njjcbhbojbot.cloudfront.net/webapps/r2-builds/br/consumer-description-page/en.app.4586f6de96fb66cf4534.js:2:806300)\n    at run (https://d3njjcbhbojbot.cloudfront.net/webapps/r2-builds/br/consumer-description-page/en.app.4586f6de96fb66cf4534.js:2:806038)\n    at MessagePort.listener (https://d3njjcbhbojbot.cloudfront.net/webapps/r2-builds/br/consumer-description-page/en.app.4586f6de96fb66cf4534.js:2:806111)","message":"Minified React error #418; visit https://reactjs.org/docs/error-decoder.html?invariant=418 for the full message or use the non-minified dev environment for full errors and additional helpful warnings."} @ https://browser.sentry-cdn.com/7.116.0/bundle.tracing.min.js:1
[    2474ms] Error: Minified React error #418; visit https://reactjs.org/docs/error-decoder.html?invariant=418 for the full message or use the non-minified dev environment for full errors and additional helpful warnings.
    at Eg (https://d3njjcbhbojbot.cloudfront.net/webapps/r2-builds/br/consumer-description-page/en.app.4586f6de96fb66cf4534.js:2:2060126)
    at qo (https://d3njjcbhbojbot.cloudfront.net/webapps/r2-builds/br/consumer-description-page/en.app.4586f6de96fb66cf4534.js:2:2136626)
    at Uk (https://d3njjcbhbojbot.cloudfront.net/webapps/r2-builds/br/consumer-description-page/en.app.4586f6de96fb66cf4534.js:2:2123588)
    at Tk (https://d3njjcbhbojbot.cloudfront.net/webapps/r2-builds/br/consumer-description-page/en.app.4586f6de96fb66cf4534.js:2:2123516)
    at Ik (https://d3njjcbhbojbot.cloudfront.net/webapps/r2-builds/br/consumer-description-page/en.app.4586f6de96fb66cf4534.js:2:2123377)
    at Gk (https://d3njjcbhbojbot.cloudfront.net/webapps/r2-builds/br/consumer-description-page/en.app.4586f6de96fb66cf4534.js:2:2118288)
    at J (https://d3njjcbhbojbot.cloudfront.net/webapps/r2-builds/br/consumer-description-page/en.app.4586f6de96fb66cf4534.js:2:794335)
    at R (https://d3njjcbhbojbot.cloudfront.net/webapps/r2-builds/br/consumer-description-page/en.app.4586f6de96fb66cf4534.js:2:794918)
    at He.nt.<computed> (https://d3njjcbhbojbot.cloudfront.net/webapps/r2-builds/br/consumer-description-page/en.app.4586f6de96fb66cf4534.js:2:806300)
    at run (https://d3njjcbhbojbot.cloudfront.net/webapps/r2-builds/br/consumer-description-page/en.app.4586f6de96fb66cf4534.js:2:806038)
    at MessagePort.listener (https://d3njjcbhbojbot.cloudfront.net/webapps/r2-builds/br/consumer-description-page/en.app.4586f6de96fb66cf4534.js:2:806111)
[    2474ms] [ERROR] {"stack":"Error: Minified React error #418; visit https://reactjs.org/docs/error-decoder.html?invariant=418 for the full message or use the non-minified dev environment for full errors and additional helpful warnings.\n    at Eg (https://d3njjcbhbojbot.cloudfront.net/webapps/r2-builds/br/consumer-description-page/en.app.4586f6de96fb66cf4534.js:2:2060126)\n    at qo (https://d3njjcbhbojbot.cloudfront.net/webapps/r2-builds/br/consumer-description-page/en.app.4586f6de96fb66cf4534.js:2:2136626)\n    at Uk (https://d3njjcbhbojbot.cloudfront.net/webapps/r2-builds/br/consumer-description-page/en.app.4586f6de96fb66cf4534.js:2:2123588)\n    at Tk (https://d3njjcbhbojbot.cloudfront.net/webapps/r2-builds/br/consumer-description-page/en.app.4586f6de96fb66cf4534.js:2:2123516)\n    at Ik (https://d3njjcbhbojbot.cloudfront.net/webapps/r2-builds/br/consumer-description-page/en.app.4586f6de96fb66cf4534.js:2:2123377)\n    at Gk (https://d3njjcbhbojbot.cloudfront.net/webapps/r2-builds/br/consumer-description-page/en.app.4586f6de96fb66cf4534.js:2:2118288)\n    at J (https://d3njjcbhbojbot.cloudfront.net/webapps/r2-builds/br/consumer-description-page/en.app.4586f6de96fb66cf4534.js:2:794335)\n    at R (https://d3njjcbhbojbot.cloudfront.net/webapps/r2-builds/br/consumer-description-page/en.app.4586f6de96fb66cf4534.js:2:794918)\n    at He.nt.<computed> (https://d3njjcbhbojbot.cloudfront.net/webapps/r2-builds/br/consumer-description-page/en.app.4586f6de96fb66cf4534.js:2:806300)\n    at run (https://d3njjcbhbojbot.cloudfront.net/webapps/r2-builds/br/consumer-description-page/en.app.4586f6de96fb66cf4534.js:2:806038)\n    at MessagePort.listener (https://d3njjcbhbojbot.cloudfront.net/webapps/r2-builds/br/consumer-description-page/en.app.4586f6de96fb66cf4534.js:2:806111)","message":"Minified React error #418; visit https://reactjs.org/docs/error-decoder.html?invariant=418 for the full message or use the non-minified dev environment for full errors and additional helpful warnings."} @ https://browser.sentry-cdn.com/7.116.0/bundle.tracing.min.js:1
[    2474ms] Error: Minified React error #418; visit https://reactjs.org/docs/error-decoder.html?invariant=418 for the full message or use the non-minified dev environment for full errors and additional helpful warnings.
    at Eg (https://d3njjcbhbojbot.cloudfront.net/webapps/r2-builds/br/consumer-description-page/en.app.4586f6de96fb66cf4534.js:2:2060126)
    at qo (https://d3njjcbhbojbot.cloudfront.net/webapps/r2-builds/br/consumer-description-page/en.app.4586f6de96fb66cf4534.js:2:2136626)
    at Uk (https://d3njjcbhbojbot.cloudfront.net/webapps/r2-builds/br/consumer-description-page/en.app.4586f6de96fb66cf4534.js:2:2123588)
    at Tk (https://d3njjcbhbojbot.cloudfront.net/webapps/r2-builds/br/consumer-description-page/en.app.4586f6de96fb66cf4534.js:2:2123516)
    at Ik (https://d3njjcbhbojbot.cloudfront.net/webapps/r2-builds/br/consumer-description-page/en.app.4586f6de96fb66cf4534.js:2:2123377)
    at Gk (https://d3njjcbhbojbot.cloudfront.net/webapps/r2-builds/br/consumer-description-page/en.app.4586f6de96fb66cf4534.js:2:2118288)
    at J (https://d3njjcbhbojbot.cloudfront.net/webapps/r2-builds/br/consumer-description-page/en.app.4586f6de96fb66cf4534.js:2:794335)
    at R (https://d3njjcbhbojbot.cloudfront.net/webapps/r2-builds/br/consumer-description-page/en.app.4586f6de96fb66cf4534.js:2:794918)
    at He.nt.<computed> (https://d3njjcbhbojbot.cloudfront.net/webapps/r2-builds/br/consumer-description-page/en.app.4586f6de96fb66cf4534.js:2:806300)
    at run (https://d3njjcbhbojbot.cloudfront.net/webapps/r2-builds/br/consumer-description-page/en.app.4586f6de96fb66cf4534.js:2:806038)
    at MessagePort.listener (https://d3njjcbhbojbot.cloudfront.net/webapps/r2-builds/br/consumer-description-page/en.app.4586f6de96fb66cf4534.js:2:806111)
[    2474ms] [ERROR] {"stack":"Error: Minified React error #418; visit https://reactjs.org/docs/error-decoder.html?invariant=418 for the full message or use the non-minified dev environment for full errors and additional helpful warnings.\n    at Eg (https://d3njjcbhbojbot.cloudfront.net/webapps/r2-builds/br/consumer-description-page/en.app.4586f6de96fb66cf4534.js:2:2060126)\n    at qo (https://d3njjcbhbojbot.cloudfront.net/webapps/r2-builds/br/consumer-description-page/en.app.4586f6de96fb66cf4534.js:2:2136626)\n    at Uk (https://d3njjcbhbojbot.cloudfront.net/webapps/r2-builds/br/consumer-description-page/en.app.4586f6de96fb66cf4534.js:2:2123588)\n    at Tk (https://d3njjcbhbojbot.cloudfront.net/webapps/r2-builds/br/consumer-description-page/en.app.4586f6de96fb66cf4534.js:2:2123516)\n    at Ik (https://d3njjcbhbojbot.cloudfront.net/webapps/r2-builds/br/consumer-description-page/en.app.4586f6de96fb66cf4534.js:2:2123377)\n    at Gk (https://d3njjcbhbojbot.cloudfront.net/webapps/r2-builds/br/consumer-description-page/en.app.4586f6de96fb66cf4534.js:2:2118288)\n    at J (https://d3njjcbhbojbot.cloudfront.net/webapps/r2-builds/br/consumer-description-page/en.app.4586f6de96fb66cf4534.js:2:794335)\n    at R (https://d3njjcbhbojbot.cloudfront.net/webapps/r2-builds/br/consumer-description-page/en.app.4586f6de96fb66cf4534.js:2:794918)\n    at He.nt.<computed> (https://d3njjcbhbojbot.cloudfront.net/webapps/r2-builds/br/consumer-description-page/en.app.4586f6de96fb66cf4534.js:2:806300)\n    at run (https://d3njjcbhbojbot.cloudfront.net/webapps/r2-builds/br/consumer-description-page/en.app.4586f6de96fb66cf4534.js:2:806038)\n    at MessagePort.listener (https://d3njjcbhbojbot.cloudfront.net/webapps/r2-builds/br/consumer-description-page/en.app.4586f6de96fb66cf4534.js:2:806111)","message":"Minified React error #418; visit https://reactjs.org/docs/error-decoder.html?invariant=418 for the full message or use the non-minified dev environment for full errors and additional helpful warnings."} @ https://browser.sentry-cdn.com/7.116.0/bundle.tracing.min.js:1
[    2474ms] Error: Minified React error #418; visit https://reactjs.org/docs/error-decoder.html?invariant=418 for the full message or use the non-minified dev environment for full errors and additional helpful warnings.
    at Eg (https://d3njjcbhbojbot.cloudfront.net/webapps/r2-builds/br/consumer-description-page/en.app.4586f6de96fb66cf4534.js:2:2060126)
    at qo (https://d3njjcbhbojbot.cloudfront.net/webapps/r2-builds/br/consumer-description-page/en.app.4586f6de96fb66cf4534.js:2:2136626)
    at Uk (https://d3njjcbhbojbot.cloudfront.net/webapps/r2-builds/br/consumer-description-page/en.app.4586f6de96fb66cf4534.js:2:2123588)
    at Tk (https://d3njjcbhbojbot.cloudfront.net/webapps/r2-builds/br/consumer-description-page/en.app.4586f6de96fb66cf4534.js:2:2123516)
    at Ik (https://d3njjcbhbojbot.cloudfront.net/webapps/r2-builds/br/consumer-description-page/en.app.4586f6de96fb66cf4534.js:2:2123377)
    at Gk (https://d3njjcbhbojbot.cloudfront.net/webapps/r2-builds/br/consumer-description-page/en.app.4586f6de96fb66cf4534.js:2:2118288)
    at J (https://d3njjcbhbojbot.cloudfront.net/webapps/r2-builds/br/consumer-description-page/en.app.4586f6de96fb66cf4534.js:2:794335)
    at R (https://d3njjcbhbojbot.cloudfront.net/webapps/r2-builds/br/consumer-description-page/en.app.4586f6de96fb66cf4534.js:2:794918)
    at He.nt.<computed> (https://d3njjcbhbojbot.cloudfront.net/webapps/r2-builds/br/consumer-description-page/en.app.4586f6de96fb66cf4534.js:2:806300)
    at run (https://d3njjcbhbojbot.cloudfront.net/webapps/r2-builds/br/consumer-description-page/en.app.4586f6de96fb66cf4534.js:2:806038)
    at MessagePort.listener (https://d3njjcbhbojbot.cloudfront.net/webapps/r2-builds/br/consumer-description-page/en.app.4586f6de96fb66cf4534.js:2:806111)
[    2474ms] [ERROR] {"stack":"Error: Minified React error #418; visit https://reactjs.org/docs/error-decoder.html?invariant=418 for the full message or use the non-minified dev environment for full errors and additional helpful warnings.\n    at Eg (https://d3njjcbhbojbot.cloudfront.net/webapps/r2-builds/br/consumer-description-page/en.app.4586f6de96fb66cf4534.js:2:2060126)\n    at qo (https://d3njjcbhbojbot.cloudfront.net/webapps/r2-builds/br/consumer-description-page/en.app.4586f6de96fb66cf4534.js:2:2136626)\n    at Uk (https://d3njjcbhbojbot.cloudfront.net/webapps/r2-builds/br/consumer-description-page/en.app.4586f6de96fb66cf4534.js:2:2123588)\n    at Tk (https://d3njjcbhbojbot.cloudfront.net/webapps/r2-builds/br/consumer-description-page/en.app.4586f6de96fb66cf4534.js:2:2123516)\n    at Ik (https://d3njjcbhbojbot.cloudfront.net/webapps/r2-builds/br/consumer-description-page/en.app.4586f6de96fb66cf4534.js:2:2123377)\n    at Gk (https://d3njjcbhbojbot.cloudfront.net/webapps/r2-builds/br/consumer-description-page/en.app.4586f6de96fb66cf4534.js:2:2118288)\n    at J (https://d3njjcbhbojbot.cloudfront.net/webapps/r2-builds/br/consumer-description-page/en.app.4586f6de96fb66cf4534.js:2:794335)\n    at R (https://d3njjcbhbojbot.cloudfront.net/webapps/r2-builds/br/consumer-description-page/en.app.4586f6de96fb66cf4534.js:2:794918)\n    at He.nt.<computed> (https://d3njjcbhbojbot.cloudfront.net/webapps/r2-builds/br/consumer-description-page/en.app.4586f6de96fb66cf4534.js:2:806300)\n    at run (https://d3njjcbhbojbot.cloudfront.net/webapps/r2-builds/br/consumer-description-page/en.app.4586f6de96fb66cf4534.js:2:806038)\n    at MessagePort.listener (https://d3njjcbhbojbot.cloudfront.net/webapps/r2-builds/br/consumer-description-page/en.app.4586f6de96fb66cf4534.js:2:806111)","message":"Minified React error #418; visit https://reactjs.org/docs/error-decoder.html?invariant=418 for the full message or use the non-minified dev environment for full errors and additional helpful warnings."} @ https://browser.sentry-cdn.com/7.116.0/bundle.tracing.min.js:1
[    2474ms] Error: Minified React error #418; visit https://reactjs.org/docs/error-decoder.html?invariant=418 for the full message or use the non-minified dev environment for full errors and additional helpful warnings.
    at Eg (https://d3njjcbhbojbot.cloudfront.net/webapps/r2-builds/br/consumer-description-page/en.app.4586f6de96fb66cf4534.js:2:2060126)
    at qo (https://d3njjcbhbojbot.cloudfront.net/webapps/r2-builds/br/consumer-description-page/en.app.4586f6de96fb66cf4534.js:2:2136626)
    at Uk (https://d3njjcbhbojbot.cloudfront.net/webapps/r2-builds/br/consumer-description-page/en.app.4586f6de96fb66cf4534.js:2:2123588)
    at Tk (https://d3njjcbhbojbot.cloudfront.net/webapps/r2-builds/br/consumer-description-page/en.app.4586f6de96fb66cf4534.js:2:2123516)
    at Ik (https://d3njjcbhbojbot.cloudfront.net/webapps/r2-builds/br/consumer-description-page/en.app.4586f6de96fb66cf4534.js:2:2123377)
    at Gk (https://d3njjcbhbojbot.cloudfront.net/webapps/r2-builds/br/consumer-description-page/en.app.4586f6de96fb66cf4534.js:2:2118288)
    at J (https://d3njjcbhbojbot.cloudfront.net/webapps/r2-builds/br/consumer-description-page/en.app.4586f6de96fb66cf4534.js:2:794335)
    at R (https://d3njjcbhbojbot.cloudfront.net/webapps/r2-builds/br/consumer-description-page/en.app.4586f6de96fb66cf4534.js:2:794918)
    at He.nt.<computed> (https://d3njjcbhbojbot.cloudfront.net/webapps/r2-builds/br/consumer-description-page/en.app.4586f6de96fb66cf4534.js:2:806300)
    at run (https://d3njjcbhbojbot.cloudfront.net/webapps/r2-builds/br/consumer-description-page/en.app.4586f6de96fb66cf4534.js:2:806038)
    at MessagePort.listener (https://d3njjcbhbojbot.cloudfront.net/webapps/r2-builds/br/consumer-description-page/en.app.4586f6de96fb66cf4534.js:2:806111)
[    2475ms] [ERROR] {"stack":"Error: Minified React error #418; visit https://reactjs.org/docs/error-decoder.html?invariant=418 for the full message or use the non-minified dev environment for full errors and additional helpful warnings.\n    at Eg (https://d3njjcbhbojbot.cloudfront.net/webapps/r2-builds/br/consumer-description-page/en.app.4586f6de96fb66cf4534.js:2:2060126)\n    at qo (https://d3njjcbhbojbot.cloudfront.net/webapps/r2-builds/br/consumer-description-page/en.app.4586f6de96fb66cf4534.js:2:2136626)\n    at Uk (https://d3njjcbhbojbot.cloudfront.net/webapps/r2-builds/br/consumer-description-page/en.app.4586f6de96fb66cf4534.js:2:2123588)\n    at Tk (https://d3njjcbhbojbot.cloudfront.net/webapps/r2-builds/br/consumer-description-page/en.app.4586f6de96fb66cf4534.js:2:2123516)\n    at Ik (https://d3njjcbhbojbot.cloudfront.net/webapps/r2-builds/br/consumer-description-page/en.app.4586f6de96fb66cf4534.js:2:2123377)\n    at Gk (https://d3njjcbhbojbot.cloudfront.net/webapps/r2-builds/br/consumer-description-page/en.app.4586f6de96fb66cf4534.js:2:2118288)\n    at J (https://d3njjcbhbojbot.cloudfront.net/webapps/r2-builds/br/consumer-description-page/en.app.4586f6de96fb66cf4534.js:2:794335)\n    at R (https://d3njjcbhbojbot.cloudfront.net/webapps/r2-builds/br/consumer-description-page/en.app.4586f6de96fb66cf4534.js:2:794918)\n    at He.nt.<computed> (https://d3njjcbhbojbot.cloudfront.net/webapps/r2-builds/br/consumer-description-page/en.app.4586f6de96fb66cf4534.js:2:806300)\n    at run (https://d3njjcbhbojbot.cloudfront.net/webapps/r2-builds/br/consumer-description-page/en.app.4586f6de96fb66cf4534.js:2:806038)\n    at MessagePort.listener (https://d3njjcbhbojbot.cloudfront.net/webapps/r2-builds/br/consumer-description-page/en.app.4586f6de96fb66cf4534.js:2:806111)","message":"Minified React error #418; visit https://reactjs.org/docs/error-decoder.html?invariant=418 for the full message or use the non-minified dev environment for full errors and additional helpful warnings."} @ https://browser.sentry-cdn.com/7.116.0/bundle.tracing.min.js:1
[    2475ms] Error: Minified React error #418; visit https://reactjs.org/docs/error-decoder.html?invariant=418 for the full message or use the non-minified dev environment for full errors and additional helpful warnings.
    at Eg (https://d3njjcbhbojbot.cloudfront.net/webapps/r2-builds/br/consumer-description-page/en.app.4586f6de96fb66cf4534.js:2:2060126)
    at qo (https://d3njjcbhbojbot.cloudfront.net/webapps/r2-builds/br/consumer-description-page/en.app.4586f6de96fb66cf4534.js:2:2136626)
    at Uk (https://d3njjcbhbojbot.cloudfront.net/webapps/r2-builds/br/consumer-description-page/en.app.4586f6de96fb66cf4534.js:2:2123588)
    at Tk (https://d3njjcbhbojbot.cloudfront.net/webapps/r2-builds/br/consumer-description-page/en.app.4586f6de96fb66cf4534.js:2:2123516)
    at Ik (https://d3njjcbhbojbot.cloudfront.net/webapps/r2-builds/br/consumer-description-page/en.app.4586f6de96fb66cf4534.js:2:2123377)
    at Gk (https://d3njjcbhbojbot.cloudfront.net/webapps/r2-builds/br/consumer-description-page/en.app.4586f6de96fb66cf4534.js:2:2118288)
    at J (https://d3njjcbhbojbot.cloudfront.net/webapps/r2-builds/br/consumer-description-page/en.app.4586f6de96fb66cf4534.js:2:794335)
    at R (https://d3njjcbhbojbot.cloudfront.net/webapps/r2-builds/br/consumer-description-page/en.app.4586f6de96fb66cf4534.js:2:794918)
    at He.nt.<computed> (https://d3njjcbhbojbot.cloudfront.net/webapps/r2-builds/br/consumer-description-page/en.app.4586f6de96fb66cf4534.js:2:806300)
    at run (https://d3njjcbhbojbot.cloudfront.net/webapps/r2-builds/br/consumer-description-page/en.app.4586f6de96fb66cf4534.js:2:806038)
    at MessagePort.listener (https://d3njjcbhbojbot.cloudfront.net/webapps/r2-builds/br/consumer-description-page/en.app.4586f6de96fb66cf4534.js:2:806111)
[    2475ms] [ERROR] {"stack":"Error: Minified React error #418; visit https://reactjs.org/docs/error-decoder.html?invariant=418 for the full message or use the non-minified dev environment for full errors and additional helpful warnings.\n    at Eg (https://d3njjcbhbojbot.cloudfront.net/webapps/r2-builds/br/consumer-description-page/en.app.4586f6de96fb66cf4534.js:2:2060126)\n    at qo (https://d3njjcbhbojbot.cloudfront.net/webapps/r2-builds/br/consumer-description-page/en.app.4586f6de96fb66cf4534.js:2:2136626)\n    at Uk (https://d3njjcbhbojbot.cloudfront.net/webapps/r2-builds/br/consumer-description-page/en.app.4586f6de96fb66cf4534.js:2:2123588)\n    at Tk (https://d3njjcbhbojbot.cloudfront.net/webapps/r2-builds/br/consumer-description-page/en.app.4586f6de96fb66cf4534.js:2:2123516)\n    at Ik (https://d3njjcbhbojbot.cloudfront.net/webapps/r2-builds/br/consumer-description-page/en.app.4586f6de96fb66cf4534.js:2:2123377)\n    at Gk (https://d3njjcbhbojbot.cloudfront.net/webapps/r2-builds/br/consumer-description-page/en.app.4586f6de96fb66cf4534.js:2:2118288)\n    at J (https://d3njjcbhbojbot.cloudfront.net/webapps/r2-builds/br/consumer-description-page/en.app.4586f6de96fb66cf4534.js:2:794335)\n    at R (https://d3njjcbhbojbot.cloudfront.net/webapps/r2-builds/br/consumer-description-page/en.app.4586f6de96fb66cf4534.js:2:794918)\n    at He.nt.<computed> (https://d3njjcbhbojbot.cloudfront.net/webapps/r2-builds/br/consumer-description-page/en.app.4586f6de96fb66cf4534.js:2:806300)\n    at run (https://d3njjcbhbojbot.cloudfront.net/webapps/r2-builds/br/consumer-description-page/en.app.4586f6de96fb66cf4534.js:2:806038)\n    at MessagePort.listener (https://d3njjcbhbojbot.cloudfront.net/webapps/r2-builds/br/consumer-description-page/en.app.4586f6de96fb66cf4534.js:2:806111)","message":"Minified React error #418; visit https://reactjs.org/docs/error-decoder.html?invariant=418 for the full message or use the non-minified dev environment for full errors and additional helpful warnings."} @ https://browser.sentry-cdn.com/7.116.0/bundle.tracing.min.js:1
[    2475ms] Error: Minified React error #418; visit https://reactjs.org/docs/error-decoder.html?invariant=418 for the full message or use the non-minified dev environment for full errors and additional helpful warnings.
    at Eg (https://d3njjcbhbojbot.cloudfront.net/webapps/r2-builds/br/consumer-description-page/en.app.4586f6de96fb66cf4534.js:2:2060126)
    at qo (https://d3njjcbhbojbot.cloudfront.net/webapps/r2-builds/br/consumer-description-page/en.app.4586f6de96fb66cf4534.js:2:2136626)
    at Uk (https://d3njjcbhbojbot.cloudfront.net/webapps/r2-builds/br/consumer-description-page/en.app.4586f6de96fb66cf4534.js:2:2123588)
    at Tk (https://d3njjcbhbojbot.cloudfront.net/webapps/r2-builds/br/consumer-description-page/en.app.4586f6de96fb66cf4534.js:2:2123516)
    at Ik (https://d3njjcbhbojbot.cloudfront.net/webapps/r2-builds/br/consumer-description-page/en.app.4586f6de96fb66cf4534.js:2:2123377)
    at Gk (https://d3njjcbhbojbot.cloudfront.net/webapps/r2-builds/br/consumer-description-page/en.app.4586f6de96fb66cf4534.js:2:2118288)
    at J (https://d3njjcbhbojbot.cloudfront.net/webapps/r2-builds/br/consumer-description-page/en.app.4586f6de96fb66cf4534.js:2:794335)
    at R (https://d3njjcbhbojbot.cloudfront.net/webapps/r2-builds/br/consumer-description-page/en.app.4586f6de96fb66cf4534.js:2:794918)
    at He.nt.<computed> (https://d3njjcbhbojbot.cloudfront.net/webapps/r2-builds/br/consumer-description-page/en.app.4586f6de96fb66cf4534.js:2:806300)
    at run (https://d3njjcbhbojbot.cloudfront.net/webapps/r2-builds/br/consumer-description-page/en.app.4586f6de96fb66cf4534.js:2:806038)
    at MessagePort.listener (https://d3njjcbhbojbot.cloudfront.net/webapps/r2-builds/br/consumer-description-page/en.app.4586f6de96fb66cf4534.js:2:806111)
[    2475ms] [ERROR] {"stack":"Error: Minified React error #418; visit https://reactjs.org/docs/error-decoder.html?invariant=418 for the full message or use the non-minified dev environment for full errors and additional helpful warnings.\n    at Eg (https://d3njjcbhbojbot.cloudfront.net/webapps/r2-builds/br/consumer-description-page/en.app.4586f6de96fb66cf4534.js:2:2060126)\n    at qo (https://d3njjcbhbojbot.cloudfront.net/webapps/r2-builds/br/consumer-description-page/en.app.4586f6de96fb66cf4534.js:2:2136626)\n    at Uk (https://d3njjcbhbojbot.cloudfront.net/webapps/r2-builds/br/consumer-description-page/en.app.4586f6de96fb66cf4534.js:2:2123588)\n    at Tk (https://d3njjcbhbojbot.cloudfront.net/webapps/r2-builds/br/consumer-description-page/en.app.4586f6de96fb66cf4534.js:2:2123516)\n    at Ik (https://d3njjcbhbojbot.cloudfront.net/webapps/r2-builds/br/consumer-description-page/en.app.4586f6de96fb66cf4534.js:2:2123377)\n    at Gk (https://d3njjcbhbojbot.cloudfront.net/webapps/r2-builds/br/consumer-description-page/en.app.4586f6de96fb66cf4534.js:2:2118288)\n    at J (https://d3njjcbhbojbot.cloudfront.net/webapps/r2-builds/br/consumer-description-page/en.app.4586f6de96fb66cf4534.js:2:794335)\n    at R (https://d3njjcbhbojbot.cloudfront.net/webapps/r2-builds/br/consumer-description-page/en.app.4586f6de96fb66cf4534.js:2:794918)\n    at He.nt.<computed> (https://d3njjcbhbojbot.cloudfront.net/webapps/r2-builds/br/consumer-description-page/en.app.4586f6de96fb66cf4534.js:2:806300)\n    at run (https://d3njjcbhbojbot.cloudfront.net/webapps/r2-builds/br/consumer-description-page/en.app.4586f6de96fb66cf4534.js:2:806038)\n    at MessagePort.listener (https://d3njjcbhbojbot.cloudfront.net/webapps/r2-builds/br/consumer-description-page/en.app.4586f6de96fb66cf4534.js:2:806111)","message":"Minified React error #418; visit https://reactjs.org/docs/error-decoder.html?invariant=418 for the full message or use the non-minified dev environment for full errors and additional helpful warnings."} @ https://browser.sentry-cdn.com/7.116.0/bundle.tracing.min.js:1
[    2475ms] Error: Minified React error #418; visit https://reactjs.org/docs/error-decoder.html?invariant=418 for the full message or use the non-minified dev environment for full errors and additional helpful warnings.
    at Eg (https://d3njjcbhbojbot.cloudfront.net/webapps/r2-builds/br/consumer-description-page/en.app.4586f6de96fb66cf4534.js:2:2060126)
    at qo (https://d3njjcbhbojbot.cloudfront.net/webapps/r2-builds/br/consumer-description-page/en.app.4586f6de96fb66cf4534.js:2:2136626)
    at Uk (https://d3njjcbhbojbot.cloudfront.net/webapps/r2-builds/br/consumer-description-page/en.app.4586f6de96fb66cf4534.js:2:2123588)
    at Tk (https://d3njjcbhbojbot.cloudfront.net/webapps/r2-builds/br/consumer-description-page/en.app.4586f6de96fb66cf4534.js:2:2123516)
    at Ik (https://d3njjcbhbojbot.cloudfront.net/webapps/r2-builds/br/consumer-description-page/en.app.4586f6de96fb66cf4534.js:2:2123377)
    at Gk (https://d3njjcbhbojbot.cloudfront.net/webapps/r2-builds/br/consumer-description-page/en.app.4586f6de96fb66cf4534.js:2:2118288)
    at J (https://d3njjcbhbojbot.cloudfront.net/webapps/r2-builds/br/consumer-description-page/en.app.4586f6de96fb66cf4534.js:2:794335)
    at R (https://d3njjcbhbojbot.cloudfront.net/webapps/r2-builds/br/consumer-description-page/en.app.4586f6de96fb66cf4534.js:2:794918)
    at He.nt.<computed> (https://d3njjcbhbojbot.cloudfront.net/webapps/r2-builds/br/consumer-description-page/en.app.4586f6de96fb66cf4534.js:2:806300)
    at run (https://d3njjcbhbojbot.cloudfront.net/webapps/r2-builds/br/consumer-description-page/en.app.4586f6de96fb66cf4534.js:2:806038)
    at MessagePort.listener (https://d3njjcbhbojbot.cloudfront.net/webapps/r2-builds/br/consumer-description-page/en.app.4586f6de96fb66cf4534.js:2:806111)
[    2475ms] [ERROR] {"stack":"Error: Minified React error #418; visit https://reactjs.org/docs/error-decoder.html?invariant=418 for the full message or use the non-minified dev environment for full errors and additional helpful warnings.\n    at Eg (https://d3njjcbhbojbot.cloudfront.net/webapps/r2-builds/br/consumer-description-page/en.app.4586f6de96fb66cf4534.js:2:2060126)\n    at qo (https://d3njjcbhbojbot.cloudfront.net/webapps/r2-builds/br/consumer-description-page/en.app.4586f6de96fb66cf4534.js:2:2136626)\n    at Uk (https://d3njjcbhbojbot.cloudfront.net/webapps/r2-builds/br/consumer-description-page/en.app.4586f6de96fb66cf4534.js:2:2123588)\n    at Tk (https://d3njjcbhbojbot.cloudfront.net/webapps/r2-builds/br/consumer-description-page/en.app.4586f6de96fb66cf4534.js:2:2123516)\n    at Ik (https://d3njjcbhbojbot.cloudfront.net/webapps/r2-builds/br/consumer-description-page/en.app.4586f6de96fb66cf4534.js:2:2123377)\n    at Gk (https://d3njjcbhbojbot.cloudfront.net/webapps/r2-builds/br/consumer-description-page/en.app.4586f6de96fb66cf4534.js:2:2118288)\n    at J (https://d3njjcbhbojbot.cloudfront.net/webapps/r2-builds/br/consumer-description-page/en.app.4586f6de96fb66cf4534.js:2:794335)\n    at R (https://d3njjcbhbojbot.cloudfront.net/webapps/r2-builds/br/consumer-description-page/en.app.4586f6de96fb66cf4534.js:2:794918)\n    at He.nt.<computed> (https://d3njjcbhbojbot.cloudfront.net/webapps/r2-builds/br/consumer-description-page/en.app.4586f6de96fb66cf4534.js:2:806300)\n    at run (https://d3njjcbhbojbot.cloudfront.net/webapps/r2-builds/br/consumer-description-page/en.app.4586f6de96fb66cf4534.js:2:806038)\n    at MessagePort.listener (https://d3njjcbhbojbot.cloudfront.net/webapps/r2-builds/br/consumer-description-page/en.app.4586f6de96fb66cf4534.js:2:806111)","message":"Minified React error #418; visit https://reactjs.org/docs/error-decoder.html?invariant=418 for the full message or use the non-minified dev environment for full errors and additional helpful warnings."} @ https://browser.sentry-cdn.com/7.116.0/bundle.tracing.min.js:1
[    2476ms] Error: Minified React error #418; visit https://reactjs.org/docs/error-decoder.html?invariant=418 for the full message or use the non-minified dev environment for full errors and additional helpful warnings.
    at Eg (https://d3njjcbhbojbot.cloudfront.net/webapps/r2-builds/br/consumer-description-page/en.app.4586f6de96fb66cf4534.js:2:2060126)
    at qo (https://d3njjcbhbojbot.cloudfront.net/webapps/r2-builds/br/consumer-description-page/en.app.4586f6de96fb66cf4534.js:2:2136626)
    at Uk (https://d3njjcbhbojbot.cloudfront.net/webapps/r2-builds/br/consumer-description-page/en.app.4586f6de96fb66cf4534.js:2:2123588)
    at Tk (https://d3njjcbhbojbot.cloudfront.net/webapps/r2-builds/br/consumer-description-page/en.app.4586f6de96fb66cf4534.js:2:2123516)
    at Ik (https://d3njjcbhbojbot.cloudfront.net/webapps/r2-builds/br/consumer-description-page/en.app.4586f6de96fb66cf4534.js:2:2123377)
    at Gk (https://d3njjcbhbojbot.cloudfront.net/webapps/r2-builds/br/consumer-description-page/en.app.4586f6de96fb66cf4534.js:2:2118288)
    at J (https://d3njjcbhbojbot.cloudfront.net/webapps/r2-builds/br/consumer-description-page/en.app.4586f6de96fb66cf4534.js:2:794335)
    at R (https://d3njjcbhbojbot.cloudfront.net/webapps/r2-builds/br/consumer-description-page/en.app.4586f6de96fb66cf4534.js:2:794918)
    at He.nt.<computed> (https://d3njjcbhbojbot.cloudfront.net/webapps/r2-builds/br/consumer-description-page/en.app.4586f6de96fb66cf4534.js:2:806300)
    at run (https://d3njjcbhbojbot.cloudfront.net/webapps/r2-builds/br/consumer-description-page/en.app.4586f6de96fb66cf4534.js:2:806038)
    at MessagePort.listener (https://d3njjcbhbojbot.cloudfront.net/webapps/r2-builds/br/consumer-description-page/en.app.4586f6de96fb66cf4534.js:2:806111)
[    2475ms] [ERROR] {"stack":"Error: Minified React error #418; visit https://reactjs.org/docs/error-decoder.html?invariant=418 for the full message or use the non-minified dev environment for full errors and additional helpful warnings.\n    at Eg (https://d3njjcbhbojbot.cloudfront.net/webapps/r2-builds/br/consumer-description-page/en.app.4586f6de96fb66cf4534.js:2:2060126)\n    at qo (https://d3njjcbhbojbot.cloudfront.net/webapps/r2-builds/br/consumer-description-page/en.app.4586f6de96fb66cf4534.js:2:2136626)\n    at Uk (https://d3njjcbhbojbot.cloudfront.net/webapps/r2-builds/br/consumer-description-page/en.app.4586f6de96fb66cf4534.js:2:2123588)\n    at Tk (https://d3njjcbhbojbot.cloudfront.net/webapps/r2-builds/br/consumer-description-page/en.app.4586f6de96fb66cf4534.js:2:2123516)\n    at Ik (https://d3njjcbhbojbot.cloudfront.net/webapps/r2-builds/br/consumer-description-page/en.app.4586f6de96fb66cf4534.js:2:2123377)\n    at Gk (https://d3njjcbhbojbot.cloudfront.net/webapps/r2-builds/br/consumer-description-page/en.app.4586f6de96fb66cf4534.js:2:2118288)\n    at J (https://d3njjcbhbojbot.cloudfront.net/webapps/r2-builds/br/consumer-description-page/en.app.4586f6de96fb66cf4534.js:2:794335)\n    at R (https://d3njjcbhbojbot.cloudfront.net/webapps/r2-builds/br/consumer-description-page/en.app.4586f6de96fb66cf4534.js:2:794918)\n    at He.nt.<computed> (https://d3njjcbhbojbot.cloudfront.net/webapps/r2-builds/br/consumer-description-page/en.app.4586f6de96fb66cf4534.js:2:806300)\n    at run (https://d3njjcbhbojbot.cloudfront.net/webapps/r2-builds/br/consumer-description-page/en.app.4586f6de96fb66cf4534.js:2:806038)\n    at MessagePort.listener (https://d3njjcbhbojbot.cloudfront.net/webapps/r2-builds/br/consumer-description-page/en.app.4586f6de96fb66cf4534.js:2:806111)","message":"Minified React error #418; visit https://reactjs.org/docs/error-decoder.html?invariant=418 for the full message or use the non-minified dev environment for full errors and additional helpful warnings."} @ https://browser.sentry-cdn.com/7.116.0/bundle.tracing.min.js:1
[    2476ms] Error: Minified React error #418; visit https://reactjs.org/docs/error-decoder.html?invariant=418 for the full message or use the non-minified dev environment for full errors and additional helpful warnings.
    at Eg (https://d3njjcbhbojbot.cloudfront.net/webapps/r2-builds/br/consumer-description-page/en.app.4586f6de96fb66cf4534.js:2:2060126)
    at qo (https://d3njjcbhbojbot.cloudfront.net/webapps/r2-builds/br/consumer-description-page/en.app.4586f6de96fb66cf4534.js:2:2136626)
    at Uk (https://d3njjcbhbojbot.cloudfront.net/webapps/r2-builds/br/consumer-description-page/en.app.4586f6de96fb66cf4534.js:2:2123588)
    at Tk (https://d3njjcbhbojbot.cloudfront.net/webapps/r2-builds/br/consumer-description-page/en.app.4586f6de96fb66cf4534.js:2:2123516)
    at Ik (https://d3njjcbhbojbot.cloudfront.net/webapps/r2-builds/br/consumer-description-page/en.app.4586f6de96fb66cf4534.js:2:2123377)
    at Gk (https://d3njjcbhbojbot.cloudfront.net/webapps/r2-builds/br/consumer-description-page/en.app.4586f6de96fb66cf4534.js:2:2118288)
    at J (https://d3njjcbhbojbot.cloudfront.net/webapps/r2-builds/br/consumer-description-page/en.app.4586f6de96fb66cf4534.js:2:794335)
    at R (https://d3njjcbhbojbot.cloudfront.net/webapps/r2-builds/br/consumer-description-page/en.app.4586f6de96fb66cf4534.js:2:794918)
    at He.nt.<computed> (https://d3njjcbhbojbot.cloudfront.net/webapps/r2-builds/br/consumer-description-page/en.app.4586f6de96fb66cf4534.js:2:806300)
    at run (https://d3njjcbhbojbot.cloudfront.net/webapps/r2-builds/br/consumer-description-page/en.app.4586f6de96fb66cf4534.js:2:806038)
    at MessagePort.listener (https://d3njjcbhbojbot.cloudfront.net/webapps/r2-builds/br/consumer-description-page/en.app.4586f6de96fb66cf4534.js:2:806111)
[    2476ms] [ERROR] {"stack":"Error: Minified React error #418; visit https://reactjs.org/docs/error-decoder.html?invariant=418 for the full message or use the non-minified dev environment for full errors and additional helpful warnings.\n    at Eg (https://d3njjcbhbojbot.cloudfront.net/webapps/r2-builds/br/consumer-description-page/en.app.4586f6de96fb66cf4534.js:2:2060126)\n    at qo (https://d3njjcbhbojbot.cloudfront.net/webapps/r2-builds/br/consumer-description-page/en.app.4586f6de96fb66cf4534.js:2:2136626)\n    at Uk (https://d3njjcbhbojbot.cloudfront.net/webapps/r2-builds/br/consumer-description-page/en.app.4586f6de96fb66cf4534.js:2:2123588)\n    at Tk (https://d3njjcbhbojbot.cloudfront.net/webapps/r2-builds/br/consumer-description-page/en.app.4586f6de96fb66cf4534.js:2:2123516)\n    at Ik (https://d3njjcbhbojbot.cloudfront.net/webapps/r2-builds/br/consumer-description-page/en.app.4586f6de96fb66cf4534.js:2:2123377)\n    at Gk (https://d3njjcbhbojbot.cloudfront.net/webapps/r2-builds/br/consumer-description-page/en.app.4586f6de96fb66cf4534.js:2:2118288)\n    at J (https://d3njjcbhbojbot.cloudfront.net/webapps/r2-builds/br/consumer-description-page/en.app.4586f6de96fb66cf4534.js:2:794335)\n    at R (https://d3njjcbhbojbot.cloudfront.net/webapps/r2-builds/br/consumer-description-page/en.app.4586f6de96fb66cf4534.js:2:794918)\n    at He.nt.<computed> (https://d3njjcbhbojbot.cloudfront.net/webapps/r2-builds/br/consumer-description-page/en.app.4586f6de96fb66cf4534.js:2:806300)\n    at run (https://d3njjcbhbojbot.cloudfront.net/webapps/r2-builds/br/consumer-description-page/en.app.4586f6de96fb66cf4534.js:2:806038)\n    at MessagePort.listener (https://d3njjcbhbojbot.cloudfront.net/webapps/r2-builds/br/consumer-description-page/en.app.4586f6de96fb66cf4534.js:2:806111)","message":"Minified React error #418; visit https://reactjs.org/docs/error-decoder.html?invariant=418 for the full message or use the non-minified dev environment for full errors and additional helpful warnings."} @ https://browser.sentry-cdn.com/7.116.0/bundle.tracing.min.js:1
[    2476ms] Error: Minified React error #418; visit https://reactjs.org/docs/error-decoder.html?invariant=418 for the full message or use the non-minified dev environment for full errors and additional helpful warnings.
    at Eg (https://d3njjcbhbojbot.cloudfront.net/webapps/r2-builds/br/consumer-description-page/en.app.4586f6de96fb66cf4534.js:2:2060126)
    at qo (https://d3njjcbhbojbot.cloudfront.net/webapps/r2-builds/br/consumer-description-page/en.app.4586f6de96fb66cf4534.js:2:2136626)
    at Uk (https://d3njjcbhbojbot.cloudfront.net/webapps/r2-builds/br/consumer-description-page/en.app.4586f6de96fb66cf4534.js:2:2123588)
    at Tk (https://d3njjcbhbojbot.cloudfront.net/webapps/r2-builds/br/consumer-description-page/en.app.4586f6de96fb66cf4534.js:2:2123516)
    at Ik (https://d3njjcbhbojbot.cloudfront.net/webapps/r2-builds/br/consumer-description-page/en.app.4586f6de96fb66cf4534.js:2:2123377)
    at Gk (https://d3njjcbhbojbot.cloudfront.net/webapps/r2-builds/br/consumer-description-page/en.app.4586f6de96fb66cf4534.js:2:2118288)
    at J (https://d3njjcbhbojbot.cloudfront.net/webapps/r2-builds/br/consumer-description-page/en.app.4586f6de96fb66cf4534.js:2:794335)
    at R (https://d3njjcbhbojbot.cloudfront.net/webapps/r2-builds/br/consumer-description-page/en.app.4586f6de96fb66cf4534.js:2:794918)
    at He.nt.<computed> (https://d3njjcbhbojbot.cloudfront.net/webapps/r2-builds/br/consumer-description-page/en.app.4586f6de96fb66cf4534.js:2:806300)
    at run (https://d3njjcbhbojbot.cloudfront.net/webapps/r2-builds/br/consumer-description-page/en.app.4586f6de96fb66cf4534.js:2:806038)
    at MessagePort.listener (https://d3njjcbhbojbot.cloudfront.net/webapps/r2-builds/br/consumer-description-page/en.app.4586f6de96fb66cf4534.js:2:806111)
[    2476ms] [ERROR] {"stack":"Error: Minified React error #418; visit https://reactjs.org/docs/error-decoder.html?invariant=418 for the full message or use the non-minified dev environment for full errors and additional helpful warnings.\n    at Eg (https://d3njjcbhbojbot.cloudfront.net/webapps/r2-builds/br/consumer-description-page/en.app.4586f6de96fb66cf4534.js:2:2060126)\n    at qo (https://d3njjcbhbojbot.cloudfront.net/webapps/r2-builds/br/consumer-description-page/en.app.4586f6de96fb66cf4534.js:2:2136626)\n    at Uk (https://d3njjcbhbojbot.cloudfront.net/webapps/r2-builds/br/consumer-description-page/en.app.4586f6de96fb66cf4534.js:2:2123588)\n    at Tk (https://d3njjcbhbojbot.cloudfront.net/webapps/r2-builds/br/consumer-description-page/en.app.4586f6de96fb66cf4534.js:2:2123516)\n    at Ik (https://d3njjcbhbojbot.cloudfront.net/webapps/r2-builds/br/consumer-description-page/en.app.4586f6de96fb66cf4534.js:2:2123377)\n    at Gk (https://d3njjcbhbojbot.cloudfront.net/webapps/r2-builds/br/consumer-description-page/en.app.4586f6de96fb66cf4534.js:2:2118288)\n    at J (https://d3njjcbhbojbot.cloudfront.net/webapps/r2-builds/br/consumer-description-page/en.app.4586f6de96fb66cf4534.js:2:794335)\n    at R (https://d3njjcbhbojbot.cloudfront.net/webapps/r2-builds/br/consumer-description-page/en.app.4586f6de96fb66cf4534.js:2:794918)\n    at He.nt.<computed> (https://d3njjcbhbojbot.cloudfront.net/webapps/r2-builds/br/consumer-description-page/en.app.4586f6de96fb66cf4534.js:2:806300)\n    at run (https://d3njjcbhbojbot.cloudfront.net/webapps/r2-builds/br/consumer-description-page/en.app.4586f6de96fb66cf4534.js:2:806038)\n    at MessagePort.listener (https://d3njjcbhbojbot.cloudfront.net/webapps/r2-builds/br/consumer-description-page/en.app.4586f6de96fb66cf4534.js:2:806111)","message":"Minified React error #418; visit https://reactjs.org/docs/error-decoder.html?invariant=418 for the full message or use the non-minified dev environment for full errors and additional helpful warnings."} @ https://browser.sentry-cdn.com/7.116.0/bundle.tracing.min.js:1
[    2476ms] Error: Minified React error #418; visit https://reactjs.org/docs/error-decoder.html?invariant=418 for the full message or use the non-minified dev environment for full errors and additional helpful warnings.
    at Eg (https://d3njjcbhbojbot.cloudfront.net/webapps/r2-builds/br/consumer-description-page/en.app.4586f6de96fb66cf4534.js:2:2060126)
    at qo (https://d3njjcbhbojbot.cloudfront.net/webapps/r2-builds/br/consumer-description-page/en.app.4586f6de96fb66cf4534.js:2:2136626)
    at Uk (https://d3njjcbhbojbot.cloudfront.net/webapps/r2-builds/br/consumer-description-page/en.app.4586f6de96fb66cf4534.js:2:2123588)
    at Tk (https://d3njjcbhbojbot.cloudfront.net/webapps/r2-builds/br/consumer-description-page/en.app.4586f6de96fb66cf4534.js:2:2123516)
    at Ik (https://d3njjcbhbojbot.cloudfront.net/webapps/r2-builds/br/consumer-description-page/en.app.4586f6de96fb66cf4534.js:2:2123377)
    at Gk (https://d3njjcbhbojbot.cloudfront.net/webapps/r2-builds/br/consumer-description-page/en.app.4586f6de96fb66cf4534.js:2:2118288)
    at J (https://d3njjcbhbojbot.cloudfront.net/webapps/r2-builds/br/consumer-description-page/en.app.4586f6de96fb66cf4534.js:2:794335)
    at R (https://d3njjcbhbojbot.cloudfront.net/webapps/r2-builds/br/consumer-description-page/en.app.4586f6de96fb66cf4534.js:2:794918)
    at He.nt.<computed> (https://d3njjcbhbojbot.cloudfront.net/webapps/r2-builds/br/consumer-description-page/en.app.4586f6de96fb66cf4534.js:2:806300)
    at run (https://d3njjcbhbojbot.cloudfront.net/webapps/r2-builds/br/consumer-description-page/en.app.4586f6de96fb66cf4534.js:2:806038)
    at MessagePort.listener (https://d3njjcbhbojbot.cloudfront.net/webapps/r2-builds/br/consumer-description-page/en.app.4586f6de96fb66cf4534.js:2:806111)
[    2476ms] [ERROR] {"stack":"Error: Minified React error #418; visit https://reactjs.org/docs/error-decoder.html?invariant=418 for the full message or use the non-minified dev environment for full errors and additional helpful warnings.\n    at Eg (https://d3njjcbhbojbot.cloudfront.net/webapps/r2-builds/br/consumer-description-page/en.app.4586f6de96fb66cf4534.js:2:2060126)\n    at qo (https://d3njjcbhbojbot.cloudfront.net/webapps/r2-builds/br/consumer-description-page/en.app.4586f6de96fb66cf4534.js:2:2136626)\n    at Uk (https://d3njjcbhbojbot.cloudfront.net/webapps/r2-builds/br/consumer-description-page/en.app.4586f6de96fb66cf4534.js:2:2123588)\n    at Tk (https://d3njjcbhbojbot.cloudfront.net/webapps/r2-builds/br/consumer-description-page/en.app.4586f6de96fb66cf4534.js:2:2123516)\n    at Ik (https://d3njjcbhbojbot.cloudfront.net/webapps/r2-builds/br/consumer-description-page/en.app.4586f6de96fb66cf4534.js:2:2123377)\n    at Gk (https://d3njjcbhbojbot.cloudfront.net/webapps/r2-builds/br/consumer-description-page/en.app.4586f6de96fb66cf4534.js:2:2118288)\n    at J (https://d3njjcbhbojbot.cloudfront.net/webapps/r2-builds/br/consumer-description-page/en.app.4586f6de96fb66cf4534.js:2:794335)\n    at R (https://d3njjcbhbojbot.cloudfront.net/webapps/r2-builds/br/consumer-description-page/en.app.4586f6de96fb66cf4534.js:2:794918)\n    at He.nt.<computed> (https://d3njjcbhbojbot.cloudfront.net/webapps/r2-builds/br/consumer-description-page/en.app.4586f6de96fb66cf4534.js:2:806300)\n    at run (https://d3njjcbhbojbot.cloudfront.net/webapps/r2-builds/br/consumer-description-page/en.app.4586f6de96fb66cf4534.js:2:806038)\n    at MessagePort.listener (https://d3njjcbhbojbot.cloudfront.net/webapps/r2-builds/br/consumer-description-page/en.app.4586f6de96fb66cf4534.js:2:806111)","message":"Minified React error #418; visit https://reactjs.org/docs/error-decoder.html?invariant=418 for the full message or use the non-minified dev environment for full errors and additional helpful warnings."} @ https://browser.sentry-cdn.com/7.116.0/bundle.tracing.min.js:1
[    2476ms] Error: Minified React error #418; visit https://reactjs.org/docs/error-decoder.html?invariant=418 for the full message or use the non-minified dev environment for full errors and additional helpful warnings.
    at Eg (https://d3njjcbhbojbot.cloudfront.net/webapps/r2-builds/br/consumer-description-page/en.app.4586f6de96fb66cf4534.js:2:2060126)
    at qo (https://d3njjcbhbojbot.cloudfront.net/webapps/r2-builds/br/consumer-description-page/en.app.4586f6de96fb66cf4534.js:2:2136626)
    at Uk (https://d3njjcbhbojbot.cloudfront.net/webapps/r2-builds/br/consumer-description-page/en.app.4586f6de96fb66cf4534.js:2:2123588)
    at Tk (https://d3njjcbhbojbot.cloudfront.net/webapps/r2-builds/br/consumer-description-page/en.app.4586f6de96fb66cf4534.js:2:2123516)
    at Ik (https://d3njjcbhbojbot.cloudfront.net/webapps/r2-builds/br/consumer-description-page/en.app.4586f6de96fb66cf4534.js:2:2123377)
    at Gk (https://d3njjcbhbojbot.cloudfront.net/webapps/r2-builds/br/consumer-description-page/en.app.4586f6de96fb66cf4534.js:2:2118288)
    at J (https://d3njjcbhbojbot.cloudfront.net/webapps/r2-builds/br/consumer-description-page/en.app.4586f6de96fb66cf4534.js:2:794335)
    at R (https://d3njjcbhbojbot.cloudfront.net/webapps/r2-builds/br/consumer-description-page/en.app.4586f6de96fb66cf4534.js:2:794918)
    at He.nt.<computed> (https://d3njjcbhbojbot.cloudfront.net/webapps/r2-builds/br/consumer-description-page/en.app.4586f6de96fb66cf4534.js:2:806300)
    at run (https://d3njjcbhbojbot.cloudfront.net/webapps/r2-builds/br/consumer-description-page/en.app.4586f6de96fb66cf4534.js:2:806038)
    at MessagePort.listener (https://d3njjcbhbojbot.cloudfront.net/webapps/r2-builds/br/consumer-description-page/en.app.4586f6de96fb66cf4534.js:2:806111)
[    2476ms] [ERROR] {"stack":"Error: Minified React error #418; visit https://reactjs.org/docs/error-decoder.html?invariant=418 for the full message or use the non-minified dev environment for full errors and additional helpful warnings.\n    at Eg (https://d3njjcbhbojbot.cloudfront.net/webapps/r2-builds/br/consumer-description-page/en.app.4586f6de96fb66cf4534.js:2:2060126)\n    at qo (https://d3njjcbhbojbot.cloudfront.net/webapps/r2-builds/br/consumer-description-page/en.app.4586f6de96fb66cf4534.js:2:2136626)\n    at Uk (https://d3njjcbhbojbot.cloudfront.net/webapps/r2-builds/br/consumer-description-page/en.app.4586f6de96fb66cf4534.js:2:2123588)\n    at Tk (https://d3njjcbhbojbot.cloudfront.net/webapps/r2-builds/br/consumer-description-page/en.app.4586f6de96fb66cf4534.js:2:2123516)\n    at Ik (https://d3njjcbhbojbot.cloudfront.net/webapps/r2-builds/br/consumer-description-page/en.app.4586f6de96fb66cf4534.js:2:2123377)\n    at Gk (https://d3njjcbhbojbot.cloudfront.net/webapps/r2-builds/br/consumer-description-page/en.app.4586f6de96fb66cf4534.js:2:2118288)\n    at J (https://d3njjcbhbojbot.cloudfront.net/webapps/r2-builds/br/consumer-description-page/en.app.4586f6de96fb66cf4534.js:2:794335)\n    at R (https://d3njjcbhbojbot.cloudfront.net/webapps/r2-builds/br/consumer-description-page/en.app.4586f6de96fb66cf4534.js:2:794918)\n    at He.nt.<computed> (https://d3njjcbhbojbot.cloudfront.net/webapps/r2-builds/br/consumer-description-page/en.app.4586f6de96fb66cf4534.js:2:806300)\n    at run (https://d3njjcbhbojbot.cloudfront.net/webapps/r2-builds/br/consumer-description-page/en.app.4586f6de96fb66cf4534.js:2:806038)\n    at MessagePort.listener (https://d3njjcbhbojbot.cloudfront.net/webapps/r2-builds/br/consumer-description-page/en.app.4586f6de96fb66cf4534.js:2:806111)","message":"Minified React error #418; visit https://reactjs.org/docs/error-decoder.html?invariant=418 for the full message or use the non-minified dev environment for full errors and additional helpful warnings."} @ https://browser.sentry-cdn.com/7.116.0/bundle.tracing.min.js:1
[    2477ms] Error: Minified React error #418; visit https://reactjs.org/docs/error-decoder.html?invariant=418 for the full message or use the non-minified dev environment for full errors and additional helpful warnings.
    at Eg (https://d3njjcbhbojbot.cloudfront.net/webapps/r2-builds/br/consumer-description-page/en.app.4586f6de96fb66cf4534.js:2:2060126)
    at qo (https://d3njjcbhbojbot.cloudfront.net/webapps/r2-builds/br/consumer-description-page/en.app.4586f6de96fb66cf4534.js:2:2136626)
    at Uk (https://d3njjcbhbojbot.cloudfront.net/webapps/r2-builds/br/consumer-description-page/en.app.4586f6de96fb66cf4534.js:2:2123588)
    at Tk (https://d3njjcbhbojbot.cloudfront.net/webapps/r2-builds/br/consumer-description-page/en.app.4586f6de96fb66cf4534.js:2:2123516)
    at Ik (https://d3njjcbhbojbot.cloudfront.net/webapps/r2-builds/br/consumer-description-page/en.app.4586f6de96fb66cf4534.js:2:2123377)
    at Gk (https://d3njjcbhbojbot.cloudfront.net/webapps/r2-builds/br/consumer-description-page/en.app.4586f6de96fb66cf4534.js:2:2118288)
    at J (https://d3njjcbhbojbot.cloudfront.net/webapps/r2-builds/br/consumer-description-page/en.app.4586f6de96fb66cf4534.js:2:794335)
    at R (https://d3njjcbhbojbot.cloudfront.net/webapps/r2-builds/br/consumer-description-page/en.app.4586f6de96fb66cf4534.js:2:794918)
    at He.nt.<computed> (https://d3njjcbhbojbot.cloudfront.net/webapps/r2-builds/br/consumer-description-page/en.app.4586f6de96fb66cf4534.js:2:806300)
    at run (https://d3njjcbhbojbot.cloudfront.net/webapps/r2-builds/br/consumer-description-page/en.app.4586f6de96fb66cf4534.js:2:806038)
    at MessagePort.listener (https://d3njjcbhbojbot.cloudfront.net/webapps/r2-builds/br/consumer-description-page/en.app.4586f6de96fb66cf4534.js:2:806111)
[    2476ms] [ERROR] {"stack":"Error: Minified React error #418; visit https://reactjs.org/docs/error-decoder.html?invariant=418 for the full message or use the non-minified dev environment for full errors and additional helpful warnings.\n    at Eg (https://d3njjcbhbojbot.cloudfront.net/webapps/r2-builds/br/consumer-description-page/en.app.4586f6de96fb66cf4534.js:2:2060126)\n    at qo (https://d3njjcbhbojbot.cloudfront.net/webapps/r2-builds/br/consumer-description-page/en.app.4586f6de96fb66cf4534.js:2:2136626)\n    at Uk (https://d3njjcbhbojbot.cloudfront.net/webapps/r2-builds/br/consumer-description-page/en.app.4586f6de96fb66cf4534.js:2:2123588)\n    at Tk (https://d3njjcbhbojbot.cloudfront.net/webapps/r2-builds/br/consumer-description-page/en.app.4586f6de96fb66cf4534.js:2:2123516)\n    at Ik (https://d3njjcbhbojbot.cloudfront.net/webapps/r2-builds/br/consumer-description-page/en.app.4586f6de96fb66cf4534.js:2:2123377)\n    at Gk (https://d3njjcbhbojbot.cloudfront.net/webapps/r2-builds/br/consumer-description-page/en.app.4586f6de96fb66cf4534.js:2:2118288)\n    at J (https://d3njjcbhbojbot.cloudfront.net/webapps/r2-builds/br/consumer-description-page/en.app.4586f6de96fb66cf4534.js:2:794335)\n    at R (https://d3njjcbhbojbot.cloudfront.net/webapps/r2-builds/br/consumer-description-page/en.app.4586f6de96fb66cf4534.js:2:794918)\n    at He.nt.<computed> (https://d3njjcbhbojbot.cloudfront.net/webapps/r2-builds/br/consumer-description-page/en.app.4586f6de96fb66cf4534.js:2:806300)\n    at run (https://d3njjcbhbojbot.cloudfront.net/webapps/r2-builds/br/consumer-description-page/en.app.4586f6de96fb66cf4534.js:2:806038)\n    at MessagePort.listener (https://d3njjcbhbojbot.cloudfront.net/webapps/r2-builds/br/consumer-description-page/en.app.4586f6de96fb66cf4534.js:2:806111)","message":"Minified React error #418; visit https://reactjs.org/docs/error-decoder.html?invariant=418 for the full message or use the non-minified dev environment for full errors and additional helpful warnings."} @ https://browser.sentry-cdn.com/7.116.0/bundle.tracing.min.js:1
[    2477ms] Error: Minified React error #418; visit https://reactjs.org/docs/error-decoder.html?invariant=418 for the full message or use the non-minified dev environment for full errors and additional helpful warnings.
    at Eg (https://d3njjcbhbojbot.cloudfront.net/webapps/r2-builds/br/consumer-description-page/en.app.4586f6de96fb66cf4534.js:2:2060126)
    at qo (https://d3njjcbhbojbot.cloudfront.net/webapps/r2-builds/br/consumer-description-page/en.app.4586f6de96fb66cf4534.js:2:2136626)
    at Uk (https://d3njjcbhbojbot.cloudfront.net/webapps/r2-builds/br/consumer-description-page/en.app.4586f6de96fb66cf4534.js:2:2123588)
    at Tk (https://d3njjcbhbojbot.cloudfront.net/webapps/r2-builds/br/consumer-description-page/en.app.4586f6de96fb66cf4534.js:2:2123516)
    at Ik (https://d3njjcbhbojbot.cloudfront.net/webapps/r2-builds/br/consumer-description-page/en.app.4586f6de96fb66cf4534.js:2:2123377)
    at Gk (https://d3njjcbhbojbot.cloudfront.net/webapps/r2-builds/br/consumer-description-page/en.app.4586f6de96fb66cf4534.js:2:2118288)
    at J (https://d3njjcbhbojbot.cloudfront.net/webapps/r2-builds/br/consumer-description-page/en.app.4586f6de96fb66cf4534.js:2:794335)
    at R (https://d3njjcbhbojbot.cloudfront.net/webapps/r2-builds/br/consumer-description-page/en.app.4586f6de96fb66cf4534.js:2:794918)
    at He.nt.<computed> (https://d3njjcbhbojbot.cloudfront.net/webapps/r2-builds/br/consumer-description-page/en.app.4586f6de96fb66cf4534.js:2:806300)
    at run (https://d3njjcbhbojbot.cloudfront.net/webapps/r2-builds/br/consumer-description-page/en.app.4586f6de96fb66cf4534.js:2:806038)
    at MessagePort.listener (https://d3njjcbhbojbot.cloudfront.net/webapps/r2-builds/br/consumer-description-page/en.app.4586f6de96fb66cf4534.js:2:806111)
[    2477ms] [ERROR] {"stack":"Error: Minified React error #423; visit https://reactjs.org/docs/error-decoder.html?invariant=423 for the full message or use the non-minified dev environment for full errors and additional helpful warnings.\n    at qo (https://d3njjcbhbojbot.cloudfront.net/webapps/r2-builds/br/consumer-description-page/en.app.4586f6de96fb66cf4534.js:2:2136293)\n    at Uk (https://d3njjcbhbojbot.cloudfront.net/webapps/r2-builds/br/consumer-description-page/en.app.4586f6de96fb66cf4534.js:2:2123588)\n    at Tk (https://d3njjcbhbojbot.cloudfront.net/webapps/r2-builds/br/consumer-description-page/en.app.4586f6de96fb66cf4534.js:2:2123516)\n    at Ik (https://d3njjcbhbojbot.cloudfront.net/webapps/r2-builds/br/consumer-description-page/en.app.4586f6de96fb66cf4534.js:2:2123377)\n    at Nk (https://d3njjcbhbojbot.cloudfront.net/webapps/r2-builds/br/consumer-description-page/en.app.4586f6de96fb66cf4534.js:2:2120046)\n    at Gk (https://d3njjcbhbojbot.cloudfront.net/webapps/r2-builds/br/consumer-description-page/en.app.4586f6de96fb66cf4534.js:2:2118524)\n    at J (https://d3njjcbhbojbot.cloudfront.net/webapps/r2-builds/br/consumer-description-page/en.app.4586f6de96fb66cf4534.js:2:794335)\n    at R (https://d3njjcbhbojbot.cloudfront.net/webapps/r2-builds/br/consumer-description-page/en.app.4586f6de96fb66cf4534.js:2:794918)\n    at He.nt.<computed> (https://d3njjcbhbojbot.cloudfront.net/webapps/r2-builds/br/consumer-description-page/en.app.4586f6de96fb66cf4534.js:2:806300)\n    at run (https://d3njjcbhbojbot.cloudfront.net/webapps/r2-builds/br/consumer-description-page/en.app.4586f6de96fb66cf4534.js:2:806038)\n    at MessagePort.listener (https://d3njjcbhbojbot.cloudfront.net/webapps/r2-builds/br/consumer-description-page/en.app.4586f6de96fb66cf4534.js:2:806111)","message":"Minified React error #423; visit https://reactjs.org/docs/error-decoder.html?invariant=423 for the full message or use the non-minified dev environment for full errors and additional helpful warnings."} @ https://browser.sentry-cdn.com/7.116.0/bundle.tracing.min.js:1
[    2477ms] Error: Minified React error #423; visit https://reactjs.org/docs/error-decoder.html?invariant=423 for the full message or use the non-minified dev environment for full errors and additional helpful warnings.
    at qo (https://d3njjcbhbojbot.cloudfront.net/webapps/r2-builds/br/consumer-description-page/en.app.4586f6de96fb66cf4534.js:2:2136293)
    at Uk (https://d3njjcbhbojbot.cloudfront.net/webapps/r2-builds/br/consumer-description-page/en.app.4586f6de96fb66cf4534.js:2:2123588)
    at Tk (https://d3njjcbhbojbot.cloudfront.net/webapps/r2-builds/br/consumer-description-page/en.app.4586f6de96fb66cf4534.js:2:2123516)
    at Ik (https://d3njjcbhbojbot.cloudfront.net/webapps/r2-builds/br/consumer-description-page/en.app.4586f6de96fb66cf4534.js:2:2123377)
    at Nk (https://d3njjcbhbojbot.cloudfront.net/webapps/r2-builds/br/consumer-description-page/en.app.4586f6de96fb66cf4534.js:2:2120046)
    at Gk (https://d3njjcbhbojbot.cloudfront.net/webapps/r2-builds/br/consumer-description-page/en.app.4586f6de96fb66cf4534.js:2:2118524)
    at J (https://d3njjcbhbojbot.cloudfront.net/webapps/r2-builds/br/consumer-description-page/en.app.4586f6de96fb66cf4534.js:2:794335)
    at R (https://d3njjcbhbojbot.cloudfront.net/webapps/r2-builds/br/consumer-description-page/en.app.4586f6de96fb66cf4534.js:2:794918)
    at He.nt.<computed> (https://d3njjcbhbojbot.cloudfront.net/webapps/r2-builds/br/consumer-description-page/en.app.4586f6de96fb66cf4534.js:2:806300)
    at run (https://d3njjcbhbojbot.cloudfront.net/webapps/r2-builds/br/consumer-description-page/en.app.4586f6de96fb66cf4534.js:2:806038)
    at MessagePort.listener (https://d3njjcbhbojbot.cloudfront.net/webapps/r2-builds/br/consumer-description-page/en.app.4586f6de96fb66cf4534.js:2:806111)
[    2827ms] [WARNING] Failed to execute 'postMessage' on 'DOMWindow': The target origin provided ('https://tags.coursera.org') does not match the recipient window's origin ('null'). @ https://www.coursera.org/5JKLVK/oJ2YRAA_rcP0FJZ2nBwDyjA3m1w2oDXy5GCsn8EGdieDskAf:906
[    3511ms] [WARNING] Failed to execute 'postMessage' on 'DOMWindow': The target origin provided ('https://tags.coursera.org') does not match the recipient window's origin ('null'). @ https://www.coursera.org/5JKLVK/oJ2YRAA_rcP0FJZ2nBwDyjA3m1w2oDXy5GCsn8EGdieDskAf:906
[    3995ms] [WARNING] Failed to execute 'postMessage' on 'DOMWindow': The target origin provided ('https://tags.coursera.org') does not match the recipient window's origin ('null'). @ https://www.coursera.org/5JKLVK/oJ2YRAA_rcP0FJZ2nBwDyjA3m1w2oDXy5GCsn8EGdieDskAf:906
[    4505ms] [WARNING] Failed to execute 'postMessage' on 'DOMWindow': The target origin provided ('https://tags.coursera.org') does not match the recipient window's origin ('null'). @ https://www.coursera.org/5JKLVK/oJ2YRAA_rcP0FJZ2nBwDyjA3m1w2oDXy5GCsn8EGdieDskAf:906
[    5012ms] [WARNING] Failed to execute 'postMessage' on 'DOMWindow': The target origin provided ('https://tags.coursera.org') does not match the recipient window's origin ('null'). @ https://www.coursera.org/5JKLVK/oJ2YRAA_rcP0FJZ2nBwDyjA3m1w2oDXy5GCsn8EGdieDskAf:906
[    5526ms] [WARNING] Failed to execute 'postMessage' on 'DOMWindow': The target origin provided ('https://tags.coursera.org') does not match the recipient window's origin ('null'). @ https://www.coursera.org/5JKLVK/oJ2YRAA_rcP0FJZ2nBwDyjA3m1w2oDXy5GCsn8EGdieDskAf:906
[    5558ms] [WARNING] [GSI_LOGGER]: Your client application uses one of the Google One Tap prompt UI status methods that may stop functioning when FedCM becomes mandatory. Refer to the migration guide to update your code accordingly and opt-in to FedCM to test your changes. Learn more: https://developers.google.com/identity/gsi/web/guides/fedcm-migration?s=dc#display_moment and https://developers.google.com/identity/gsi/web/guides/fedcm-migration?s=dc#skipped_moment @ https://browser.sentry-cdn.com/7.116.0/bundle.tracing.min.js:1
[    5576ms] [ERROR] Not signed in with the identity provider. @ https://www.coursera.org/learn/programming-in-python:0
[    6039ms] [WARNING] Failed to execute 'postMessage' on 'DOMWindow': The target origin provided ('https://tags.coursera.org') does not match the recipient window's origin ('null'). @ https://www.coursera.org/5JKLVK/oJ2YRAA_rcP0FJZ2nBwDyjA3m1w2oDXy5GCsn8EGdieDskAf:906
[    6549ms] [WARNING] Failed to execute 'postMessage' on 'DOMWindow': The target origin provided ('https://tags.coursera.org') does not match the recipient window's origin ('null'). @ https://www.coursera.org/5JKLVK/oJ2YRAA_rcP0FJZ2nBwDyjA3m1w2oDXy5GCsn8EGdieDskAf:906
[    7057ms] [WARNING] Failed to execute 'postMessage' on 'DOMWindow': The target origin provided ('https://tags.coursera.org') does not match the recipient window's origin ('null'). @ https://www.coursera.org/5JKLVK/oJ2YRAA_rcP0FJZ2nBwDyjA3m1w2oDXy5GCsn8EGdieDskAf:906
[    7570ms] [WARNING] Failed to execute 'postMessage' on 'DOMWindow': The target origin provided ('https://tags.coursera.org') does not match the recipient window's origin ('null'). @ https://www.coursera.org/5JKLVK/oJ2YRAA_rcP0FJZ2nBwDyjA3m1w2oDXy5GCsn8EGdieDskAf:906
[    8080ms] [WARNING] Failed to execute 'postMessage' on 'DOMWindow': The target origin provided ('https://tags.coursera.org') does not match the recipient window's origin ('null'). @ https://www.coursera.org/5JKLVK/oJ2YRAA_rcP0FJZ2nBwDyjA3m1w2oDXy5GCsn8EGdieDskAf:906
[    8594ms] [WARNING] Failed to execute 'postMessage' on 'DOMWindow': The target origin provided ('https://tags.coursera.org') does not match the recipient window's origin ('null'). @ https://www.coursera.org/5JKLVK/oJ2YRAA_rcP0FJZ2nBwDyjA3m1w2oDXy5GCsn8EGdieDskAf:906
[    9095ms] [WARNING] Failed to execute 'postMessage' on 'DOMWindow': The target origin provided ('https://tags.coursera.org') does not match the recipient window's origin ('null'). @ https://www.coursera.org/5JKLVK/oJ2YRAA_rcP0FJZ2nBwDyjA3m1w2oDXy5GCsn8EGdieDskAf:906
[    9601ms] [WARNING] Failed to execute 'postMessage' on 'DOMWindow': The target origin provided ('https://tags.coursera.org') does not match the recipient window's origin ('null'). @ https://www.coursera.org/5JKLVK/oJ2YRAA_rcP0FJZ2nBwDyjA3m1w2oDXy5GCsn8EGdieDskAf:906
[   10118ms] [WARNING] Failed to execute 'postMessage' on 'DOMWindow': The target origin provided ('https://tags.coursera.org') does not match the recipient window's origin ('null'). @ https://www.coursera.org/5JKLVK/oJ2YRAA_rcP0FJZ2nBwDyjA3m1w2oDXy5GCsn8EGdieDskAf:906
[   10635ms] [WARNING] Failed to execute 'postMessage' on 'DOMWindow': The target origin provided ('https://tags.coursera.org') does not match the recipient window's origin ('null'). @ https://www.coursera.org/5JKLVK/oJ2YRAA_rcP0FJZ2nBwDyjA3m1w2oDXy5GCsn8EGdieDskAf:906
[   10726ms] [ERROR] [GSI_LOGGER]: FedCM get() rejects with NetworkError: Error retrieving a token. @ https://browser.sentry-cdn.com/7.116.0/bundle.tracing.min.js:1
[   10726ms] [LOG] [Google One Tap]: undefined unknown_reason @ https://browser.sentry-cdn.com/7.116.0/bundle.tracing.min.js:1
[   11143ms] [WARNING] Failed to execute 'postMessage' on 'DOMWindow': The target origin provided ('https://tags.coursera.org') does not match the recipient window's origin ('null'). @ https://www.coursera.org/5JKLVK/oJ2YRAA_rcP0FJZ2nBwDyjA3m1w2oDXy5GCsn8EGdieDskAf:906
[   11654ms] [WARNING] Failed to execute 'postMessage' on 'DOMWindow': The target origin provided ('https://tags.coursera.org') does not match the recipient window's origin ('null'). @ https://www.coursera.org/5JKLVK/oJ2YRAA_rcP0FJZ2nBwDyjA3m1w2oDXy5GCsn8EGdieDskAf:906
[   12165ms] [WARNING] Failed to execute 'postMessage' on 'DOMWindow': The target origin provided ('https://tags.coursera.org') does not match the recipient window's origin ('null'). @ https://www.coursera.org/5JKLVK/oJ2YRAA_rcP0FJZ2nBwDyjA3m1w2oDXy5GCsn8EGdieDskAf:906
[   12674ms] [WARNING] Failed to execute 'postMessage' on 'DOMWindow': The target origin provided ('https://tags.coursera.org') does not match the recipient window's origin ('null'). @ https://www.coursera.org/5JKLVK/oJ2YRAA_rcP0FJZ2nBwDyjA3m1w2oDXy5GCsn8EGdieDskAf:906
