[   10891ms] [WARNING] [GSI_LOGGER]: google.accounts.id.initialize() is called multiple times. This could cause unexpected behavior and only the last initialized instance will be used. @ https://accounts.google.com/gsi/client:86
[   12219ms] [ERROR] Not signed in with the identity provider. @ https://www.datadoghq-browser-agent.com/us1/v4/datadog-rum.js:0
[   12219ms] [ERROR] Not signed in with the identity provider. @ https://www.datadoghq-browser-agent.com/us1/v4/datadog-rum.js:0
[   12295ms] [ERROR] Failed to load resource: net::ERR_FAILED @ chrome-extension://invalid/:0
[   12299ms] [ERROR] [GSI_LOGGER]: FedCM get() rejects with AbortError: signal is aborted without reason @ https://www.datadoghq-browser-agent.com/us1/v4/datadog-rum.js:0
[   12314ms] [ERROR] Failed to load resource: net::ERR_FAILED @ chrome-extension://invalid/:0
[   12445ms] [ERROR] Failed to load resource: net::ERR_FAILED @ chrome-extension://invalid/:0
[   12448ms] [ERROR] Failed to load resource: net::ERR_FAILED @ chrome-extension://invalid/:0
[   12452ms] [ERROR] Failed to load resource: net::ERR_FAILED @ chrome-extension://invalid/:0
[   12453ms] [ERROR] Failed to load resource: net::ERR_FAILED @ chrome-extension://invalid/:0
[   12454ms] [ERROR] Failed to load resource: net::ERR_FAILED @ chrome-extension://invalid/:0
[   16131ms] [ERROR] Access to XMLHttpRequest at 'https://pixel-config.reddit.com/pixels/t2_65f22gux/config' from origin 'https://www.udemy.com' has been blocked by CORS policy: Response to preflight request doesn't pass access control check: No 'Access-Control-Allow-Origin' header is present on the requested resource. @ https://www.udemy.com/join/passwordless-auth/?next=%2Fcourse%2Fcomplete-python-bootcamp%2Flearn%2Flecture%2F9373062%3Fstart%3D0&action=login&mode#overview:0
[   16132ms] [ERROR] Failed to load resource: net::ERR_FAILED @ https://pixel-config.reddit.com/pixels/t2_65f22gux/config:0
[   26557ms] [ERROR] [GSI_LOGGER]: FedCM get() rejects with NetworkError: Error retrieving a token. @ https://www.datadoghq-browser-agent.com/us1/v4/datadog-rum.js:0
[   29192ms] [ERROR] Access to XMLHttpRequest at 'https://stats.g.doubleclick.net/j/collect?t=dc&aip=1&_r=3&v=1&_v=j102&tid=UA-12366301-1&cid=1888531808.1786644936&jid=267721509&gjid=249751329&_gid=295865033.1786644936&_u=aGDAgEABAAAAAGgAIAC~&z=208307741' from origin 'https://www.udemy.com' has been blocked by CORS policy: Response to preflight request doesn't pass access control check: The value of the 'Access-Control-Allow-Origin' header in the response must not be the wildcard '*' when the request's credentials mode is 'include'. The credentials mode of requests initiated by the XMLHttpRequest is controlled by the withCredentials attribute. @ https://www.udemy.com/join/passwordless-auth/?next=%2Fcourse%2Fcomplete-python-bootcamp%2Flearn%2Flecture%2F9373062%3Fstart%3D0&action=login&mode#overview:0
[   29192ms] [ERROR] Failed to load resource: net::ERR_FAILED @ https://stats.g.doubleclick.net/j/collect?t=dc&aip=1&_r=3&v=1&_v=j102&tid=UA-12366301-1&cid=1888531808.1786644936&jid=267721509&gjid=249751329&_gid=295865033.1786644936&_u=aGDAgEABAAAAAGgAIAC~&z=208307741:0
[   45050ms] [WARNING] The following feature variant assignments were not provided; please add them to an ExperimentationProvider: ai_assistant_features @ https://www.udemy.com/staticx/udemy/js/webpack/vendors-node_modules_udemy_react-experimentation-provider_dist_esm_use-features_js-node_modul-147a59.339f75437821f2556a01.js:0
[   45074ms] [WARNING] The following feature variant assignments were not provided; please add them to an ExperimentationProvider: ai_assistant_features @ https://www.udemy.com/staticx/udemy/js/webpack/vendors-node_modules_udemy_react-experimentation-provider_dist_esm_use-features_js-node_modul-147a59.339f75437821f2556a01.js:0
[   45131ms] [WARNING] The following feature variant assignments were not provided; please add them to an ExperimentationProvider: ai_assistant_features @ https://www.udemy.com/staticx/udemy/js/webpack/vendors-node_modules_udemy_react-experimentation-provider_dist_esm_use-features_js-node_modul-147a59.339f75437821f2556a01.js:0
[   46167ms] [WARNING] The following feature variant assignments were not provided; please add them to an ExperimentationProvider: ai_assistant_features @ https://www.udemy.com/staticx/udemy/js/webpack/vendors-node_modules_udemy_react-experimentation-provider_dist_esm_use-features_js-node_modul-147a59.339f75437821f2556a01.js:0
[   50188ms] [WARNING] streaming.useNativeHlsOnSafari configuration has been deprecated and will be removed in v5.0 . We are currently at version v4.16 . Additional information: Please Use streaming.useNativeHlsForFairPlay or streaming.preferNativeHls instead. @ https://www.udemy.com/staticx/udemy/js/webpack/vendors-node_modules_udemy_icons_dist_apple_ud-icon-node_modules_udemy_icons_dist_arrow-circl-07be72.9abaf89775005b9caf16.js:1
